Archive member included to satisfy reference by file (symbol)

c:/altera/16.0/nios2eds/bin/gnu/h-x86_64-mingw32/bin/../lib/gcc/nios2-elf/5.2.0/../../../../../H-x86_64-mingw32/nios2-elf/lib/mhw-mulx\libc.a(lib_a-memcpy.o)
                              obj/default/seven_seg_hex.o (memcpy)
../InterruptsNIOS_bsp/\libhal_bsp.a(alt_irq_register.o)
                              obj/default/InterruptDemo.o (alt_irq_register)
../InterruptsNIOS_bsp/\libhal_bsp.a(alt_irq_vars.o)
                              ../InterruptsNIOS_bsp/\libhal_bsp.a(alt_irq_register.o) (alt_irq_active)
../InterruptsNIOS_bsp/\libhal_bsp.a(alt_load.o)
                              ../InterruptsNIOS_bsp//obj/HAL/src/crt0.o (alt_load)
../InterruptsNIOS_bsp/\libhal_bsp.a(alt_main.o)
                              ../InterruptsNIOS_bsp//obj/HAL/src/crt0.o (alt_main)
../InterruptsNIOS_bsp/\libhal_bsp.a(alt_sys_init.o)
                              ../InterruptsNIOS_bsp/\libhal_bsp.a(alt_main.o) (alt_irq_init)
../InterruptsNIOS_bsp/\libhal_bsp.a(altera_avalon_jtag_uart_fd.o)
                              ../InterruptsNIOS_bsp/\libhal_bsp.a(alt_sys_init.o) (altera_avalon_jtag_uart_read_fd)
../InterruptsNIOS_bsp/\libhal_bsp.a(altera_avalon_jtag_uart_init.o)
                              ../InterruptsNIOS_bsp/\libhal_bsp.a(alt_sys_init.o) (altera_avalon_jtag_uart_init)
../InterruptsNIOS_bsp/\libhal_bsp.a(altera_avalon_jtag_uart_ioctl.o)
                              ../InterruptsNIOS_bsp/\libhal_bsp.a(altera_avalon_jtag_uart_fd.o) (altera_avalon_jtag_uart_ioctl)
../InterruptsNIOS_bsp/\libhal_bsp.a(altera_avalon_jtag_uart_read.o)
                              ../InterruptsNIOS_bsp/\libhal_bsp.a(altera_avalon_jtag_uart_fd.o) (altera_avalon_jtag_uart_read)
../InterruptsNIOS_bsp/\libhal_bsp.a(altera_avalon_jtag_uart_write.o)
                              ../InterruptsNIOS_bsp/\libhal_bsp.a(altera_avalon_jtag_uart_fd.o) (altera_avalon_jtag_uart_write)
../InterruptsNIOS_bsp/\libhal_bsp.a(altera_avalon_timer_sc.o)
                              ../InterruptsNIOS_bsp/\libhal_bsp.a(alt_sys_init.o) (alt_avalon_timer_sc_init)
../InterruptsNIOS_bsp/\libhal_bsp.a(altera_up_avalon_character_lcd.o)
                              ../InterruptsNIOS_bsp/\libhal_bsp.a(alt_sys_init.o) (alt_up_character_lcd_init)
../InterruptsNIOS_bsp/\libhal_bsp.a(altera_up_avalon_irda.o)
                              ../InterruptsNIOS_bsp/\libhal_bsp.a(alt_sys_init.o) (alt_up_irda_read_fd)
../InterruptsNIOS_bsp/\libhal_bsp.a(altera_up_avalon_ps2.o)
                              ../InterruptsNIOS_bsp/\libhal_bsp.a(alt_sys_init.o) (alt_up_ps2_init)
../InterruptsNIOS_bsp/\libhal_bsp.a(altera_up_avalon_rs232.o)
                              ../InterruptsNIOS_bsp/\libhal_bsp.a(alt_sys_init.o) (alt_up_rs232_read_fd)
../InterruptsNIOS_bsp/\libhal_bsp.a(alt_alarm_start.o)
                              ../InterruptsNIOS_bsp/\libhal_bsp.a(altera_avalon_jtag_uart_init.o) (alt_alarm_start)
../InterruptsNIOS_bsp/\libhal_bsp.a(alt_close.o)
                              ../InterruptsNIOS_bsp/\libhal_bsp.a(alt_main.o) (close)
../InterruptsNIOS_bsp/\libhal_bsp.a(alt_dcache_flush_all.o)
                              ../InterruptsNIOS_bsp/\libhal_bsp.a(alt_load.o) (alt_dcache_flush_all)
../InterruptsNIOS_bsp/\libhal_bsp.a(alt_dev.o)
                              ../InterruptsNIOS_bsp/\libhal_bsp.a(alt_sys_init.o) (alt_dev_list)
../InterruptsNIOS_bsp/\libhal_bsp.a(alt_dev_llist_insert.o)
                              ../InterruptsNIOS_bsp/\libhal_bsp.a(alt_sys_init.o) (alt_dev_llist_insert)
../InterruptsNIOS_bsp/\libhal_bsp.a(alt_do_ctors.o)
                              ../InterruptsNIOS_bsp/\libhal_bsp.a(alt_main.o) (_do_ctors)
../InterruptsNIOS_bsp/\libhal_bsp.a(alt_do_dtors.o)
                              ../InterruptsNIOS_bsp/\libhal_bsp.a(alt_main.o) (_do_dtors)
../InterruptsNIOS_bsp/\libhal_bsp.a(alt_errno.o)
                              ../InterruptsNIOS_bsp/\libhal_bsp.a(alt_close.o) (alt_errno)
../InterruptsNIOS_bsp/\libhal_bsp.a(alt_find_dev.o)
                              ../InterruptsNIOS_bsp/\libhal_bsp.a(altera_up_avalon_character_lcd.o) (alt_find_dev)
../InterruptsNIOS_bsp/\libhal_bsp.a(alt_icache_flush_all.o)
                              ../InterruptsNIOS_bsp/\libhal_bsp.a(alt_load.o) (alt_icache_flush_all)
../InterruptsNIOS_bsp/\libhal_bsp.a(alt_io_redirect.o)
                              ../InterruptsNIOS_bsp/\libhal_bsp.a(alt_main.o) (alt_io_redirect)
../InterruptsNIOS_bsp/\libhal_bsp.a(alt_irq_entry.o)
                              ../InterruptsNIOS_bsp/\libhal_bsp.a(alt_irq_register.o) (alt_irq_entry)
../InterruptsNIOS_bsp/\libhal_bsp.a(alt_irq_handler.o)
                              ../InterruptsNIOS_bsp/\libhal_bsp.a(alt_irq_register.o) (alt_irq)
../InterruptsNIOS_bsp/\libhal_bsp.a(alt_open.o)
                              ../InterruptsNIOS_bsp/\libhal_bsp.a(alt_io_redirect.o) (open)
[...]
Memory Configuration

Name             Origin             Length             Attributes
reset            0x0000000000000000 0x0000000000000020
SDRAM            0x0000000000000020 0x0000000003ffffe0
VGA_Subsystem_Char_Buf_Subsystem_Onchip_SRAM 0x0000000009000000 0x0000000000002000
*default*        0x0000000000000000 0xffffffffffffffff

Linker script and memory map

LOAD ../InterruptsNIOS_bsp//obj/HAL/src/crt0.o
LOAD obj/default/HexDisplay.o
LOAD obj/default/InterruptDemo.o
LOAD obj/default/buttonISR.o
LOAD obj/default/lcd.o
LOAD obj/default/seven_seg_bcd.o
LOAD obj/default/seven_seg_hex.o
LOAD obj/default/timerISR.o
LOAD c:/altera/16.0/nios2eds/bin/gnu/h-x86_64-mingw32/bin/../lib/gcc/nios2-elf/5.2.0/../../../../../H-x86_64-mingw32/nios2-elf/lib/mhw-mulx\libstdc++.a
LOAD c:/altera/16.0/nios2eds/bin/gnu/h-x86_64-mingw32/bin/../lib/gcc/nios2-elf/5.2.0/../../../../../H-x86_64-mingw32/nios2-elf/lib/mhw-mulx\libm.a
LOAD c:/altera/16.0/nios2eds/bin/gnu/h-x86_64-mingw32/bin/../lib/gcc/nios2-elf/5.2.0/mhw-mulx\libgcc.a
START GROUP
LOAD c:/altera/16.0/nios2eds/bin/gnu/h-x86_64-mingw32/bin/../lib/gcc/nios2-elf/5.2.0/../../../../../H-x86_64-mingw32/nios2-elf/lib/mhw-mulx\libc.a
LOAD c:/altera/16.0/nios2eds/bin/gnu/h-x86_64-mingw32/bin/../lib/gcc/nios2-elf/5.2.0/mhw-mulx\libgcc.a
LOAD ../InterruptsNIOS_bsp/\libhal_bsp.a
LOAD c:/altera/16.0/nios2eds/bin/gnu/h-x86_64-mingw32/bin/../lib/gcc/nios2-elf/5.2.0/../../../../../H-x86_64-mingw32/nios2-elf/lib/mhw-mulx\libm.a
END GROUP
LOAD c:/altera/16.0/nios2eds/bin/gnu/h-x86_64-mingw32/bin/../lib/gcc/nios2-elf/5.2.0/mhw-mulx\libgcc.a
                0x0000000000000000                __alt_mem_SDRAM = 0x0
                0x0000000009000000                __alt_mem_VGA_Subsystem_Char_Buf_Subsystem_Onchip_SRAM = 0x9000000

.entry          0x0000000000000000       0x20
 *(.entry)
 .entry         0x0000000000000000       0x20 ../InterruptsNIOS_bsp//obj/HAL/src/crt0.o
                0x0000000000000000                __reset

.exceptions     0x0000000000000020      0x228
                0x0000000000000020                PROVIDE (__ram_exceptions_start, ABSOLUTE (.))
                0x0000000000000020                . = ALIGN (0x20)
 *(.irq)
 *(.exceptions.entry.label)
 .exceptions.entry.label
                0x0000000000000020        0x0 ../InterruptsNIOS_bsp/\libhal_bsp.a(alt_irq_entry.o)
                0x0000000000000020                alt_irq_entry
 .exceptions.entry.label
                0x0000000000000020        0x0 ../InterruptsNIOS_bsp/\libhal_bsp.a(alt_exception_entry.o)
                0x0000000000000020                alt_exception
 *(.exceptions.entry.user)
 *(.exceptions.entry.ecc_fatal)
 *(.exceptions.entry)
 .exceptions.entry
                0x0000000000000020       0x54 ../InterruptsNIOS_bsp/\libhal_bsp.a(alt_exception_entry.o)
 *(.exceptions.irqtest.user)
 *(.exceptions.irqtest)
 .exceptions.irqtest
                0x0000000000000074       0x10 ../InterruptsNIOS_bsp/\libhal_bsp.a(alt_irq_entry.o)
 *(.exceptions.irqhandler.user)
 *(.exceptions.irqhandler)
 .exceptions.irqhandler
                0x0000000000000084        0x4 ../InterruptsNIOS_bsp/\libhal_bsp.a(alt_irq_entry.o)
 *(.exceptions.irqreturn.user)
 *(.exceptions.irqreturn)
 .exceptions.irqreturn
                0x0000000000000088        0x4 ../InterruptsNIOS_bsp/\libhal_bsp.a(alt_irq_entry.o)
 *(.exceptions.notirq.label)
 .exceptions.notirq.label
                0x000000000000008c        0x0 ../InterruptsNIOS_bsp/\libhal_bsp.a(alt_irq_entry.o)
 *(.exceptions.notirq.user)
 *(.exceptions.notirq)
 .exceptions.notirq
                0x000000000000008c        0x8 ../InterruptsNIOS_bsp/\libhal_bsp.a(alt_exception_entry.o)
 *(.exceptions.soft.user)
 *(.exceptions.soft)
 *(.exceptions.unknown.user)
 *(.exceptions.unknown)
 .exceptions.unknown
                0x0000000000000094       0x14 ../InterruptsNIOS_bsp/\libhal_bsp.a(alt_exception_entry.o)
 *(.exceptions.exit.label)
 .exceptions.exit.label
                0x00000000000000a8        0x0 ../InterruptsNIOS_bsp/\libhal_bsp.a(alt_irq_entry.o)
 .exceptions.exit.label
                0x00000000000000a8        0x0 ../InterruptsNIOS_bsp/\libhal_bsp.a(alt_exception_entry.o)
 *(.exceptions.exit.user)
 *(.exceptions.exit)
 .exceptions.exit
                0x00000000000000a8       0x54 ../InterruptsNIOS_bsp/\libhal_bsp.a(alt_exception_entry.o)
 *(.exceptions)
 .exceptions    0x00000000000000fc       0xd8 ../InterruptsNIOS_bsp/\libhal_bsp.a(alt_irq_handler.o)
                0x00000000000000fc                alt_irq_handler
 .exceptions    0x00000000000001d4       0x74 ../InterruptsNIOS_bsp/\libhal_bsp.a(alt_instruction_exception_entry.o)
                0x00000000000001d4                alt_instruction_exception_entry
                0x0000000000000248                PROVIDE (__ram_exceptions_end, ABSOLUTE (.))
                0x0000000000000020                PROVIDE (__flash_exceptions_start, LOADADDR (.exceptions))

.text           0x0000000000000248     0x40c0
                [!provide]                        PROVIDE (stext, ABSOLUTE (.))
 *(.interp)
 *(.hash)
 *(.dynsym)
 *(.dynstr)
 *(.gnu.version)
 *(.gnu.version_d)
 *(.gnu.version_r)
 *(.rel.init)
 *(.rela.init)
 *(.rel.text .rel.text.* .rel.gnu.linkonce.t.*)
 *(.rela.text .rela.text.* .rela.gnu.linkonce.t.*)
 *(.rel.fini)
 *(.rela.fini)
 *(.rel.rodata .rel.rodata.* .rel.gnu.linkonce.r.*)
 *(.rela.rodata .rela.rodata.* .rela.gnu.linkonce.r.*)
 *(.rel.data .rel.data.* .rel.gnu.linkonce.d.*)
 *(.rela.data .rela.data.* .rela.gnu.linkonce.d.*)
 *(.rel.tdata .rel.tdata.* .rel.gnu.linkonce.td.*)
 *(.rela.tdata .rela.tdata.* .rela.gnu.linkonce.td.*)
 *(.rel.tbss .rel.tbss.* .rel.gnu.linkonce.tb.*)
 *(.rela.tbss .rela.tbss.* .rela.gnu.linkonce.tb.*)
 *(.rel.ctors)
 *(.rela.ctors)
 *(.rel.dtors)
 *(.rela.dtors)
 *(.rel.got)
 *(.rela.got)
 *(.rel.sdata .rel.sdata.* .rel.gnu.linkonce.s.*)
 *(.rela.sdata .rela.sdata.* .rela.gnu.linkonce.s.*)
 *(.rel.sbss .rel.sbss.* .rel.gnu.linkonce.sb.*)
 *(.rela.sbss .rela.sbss.* .rela.gnu.linkonce.sb.*)
 *(.rel.sdata2 .rel.sdata2.* .rel.gnu.linkonce.s2.*)
 *(.rela.sdata2 .rela.sdata2.* .rela.gnu.linkonce.s2.*)
 *(.rel.sbss2 .rel.sbss2.* .rel.gnu.linkonce.sb2.*)
 *(.rela.sbss2 .rela.sbss2.* .rela.gnu.linkonce.sb2.*)
 *(.rel.bss .rel.bss.* .rel.gnu.linkonce.b.*)
 *(.rela.bss .rela.bss.* .rela.gnu.linkonce.b.*)
 *(.rel.plt)
 *(.rela.plt)
 *(.rel.dyn)
 *(.init)
 *(.plt)
 *(.text .stub .text.* .gnu.linkonce.t.*)
 .text          0x0000000000000248       0x3c ../InterruptsNIOS_bsp//obj/HAL/src/crt0.o
                0x0000000000000248                _start
 .text          0x0000000000000284       0xb8 obj/default/HexDisplay.o
                0x0000000000000284                toggleBCDHEX
                0x00000000000002b4                HexDisplay
 .text          0x000000000000033c       0x84 obj/default/InterruptDemo.o
                0x000000000000033c                main
 .text          0x00000000000003c0      0x160 obj/default/buttonISR.o
                0x00000000000003c0                buttonISR
 .text          0x0000000000000520      0x110 obj/default/lcd.o
                0x0000000000000520                LCD_cursor
                0x000000000000058c                LCD_text
                0x00000000000005f8                LCD_cursor_off
 .text          0x0000000000000630      0x2bc obj/default/seven_seg_bcd.o
                0x0000000000000630                seven_seg_bcd
 .text          0x00000000000008ec      0x14c obj/default/seven_seg_hex.o
                0x00000000000008ec                seven_seg_hex
 .text          0x0000000000000a38       0x78 obj/default/timerISR.o
                0x0000000000000a38                timerISR
 .text          0x0000000000000ab0        0x0 c:/altera/16.0/nios2eds/bin/gnu/h-x86_64-mingw32/bin/../lib/gcc/nios2-elf/5.2.0/../../../../../H-x86_64-mingw32/nios2-elf/lib/mhw-mulx\libc.a(lib_a-memcpy.o)
 .text.memcpy   0x0000000000000ab0      0x148 c:/altera/16.0/nios2eds/bin/gnu/h-x86_64-mingw32/bin/../lib/gcc/nios2-elf/5.2.0/../../../../../H-x86_64-mingw32/nios2-elf/lib/mhw-mulx\libc.a(lib_a-memcpy.o)
                0x0000000000000ab0                memcpy
 .text          0x0000000000000bf8      0x1b0 ../InterruptsNIOS_bsp/\libhal_bsp.a(alt_irq_register.o)
                0x0000000000000bf8                alt_irq_register
 .text          0x0000000000000da8        0x0 ../InterruptsNIOS_bsp/\libhal_bsp.a(alt_irq_vars.o)
 .text          0x0000000000000da8       0xec ../InterruptsNIOS_bsp/\libhal_bsp.a(alt_load.o)
                0x0000000000000e10                alt_load
 .text          0x0000000000000e94       0x7c ../InterruptsNIOS_bsp/\libhal_bsp.a(alt_main.o)
                0x0000000000000e94                alt_main
 .text          0x0000000000000f10      0x394 ../InterruptsNIOS_bsp/\libhal_bsp.a(alt_sys_init.o)
                0x0000000000000f48                alt_irq_init
                0x0000000000000f80                alt_sys_init
 .text          0x00000000000012a4      0x164 ../InterruptsNIOS_bsp/\libhal_bsp.a(altera_avalon_jtag_uart_fd.o)
                0x00000000000012a4                altera_avalon_jtag_uart_read_fd
                0x0000000000001304                altera_avalon_jtag_uart_write_fd
                0x0000000000001364                altera_avalon_jtag_uart_close_fd
                0x00000000000013b4                altera_avalon_jtag_uart_ioctl_fd
 .text          0x0000000000001408      0x3dc ../InterruptsNIOS_bsp/\libhal_bsp.a(altera_avalon_jtag_uart_init.o)
                0x0000000000001408                altera_avalon_jtag_uart_init
                0x000000000000177c                altera_avalon_jtag_uart_close
 .text          0x00000000000017e4       0xf0 ../InterruptsNIOS_bsp/\libhal_bsp.a(altera_avalon_jtag_uart_ioctl.o)
                0x00000000000017e4                altera_avalon_jtag_uart_ioctl
 .text          0x00000000000018d4      0x21c ../InterruptsNIOS_bsp/\libhal_bsp.a(altera_avalon_jtag_uart_read.o)
                0x00000000000018d4                altera_avalon_jtag_uart_read
 .text          0x0000000000001af0      0x224 ../InterruptsNIOS_bsp/\libhal_bsp.a(altera_avalon_jtag_uart_write.o)
                0x0000000000001af0                altera_avalon_jtag_uart_write
 .text          0x0000000000001d14      0x100 ../InterruptsNIOS_bsp/\libhal_bsp.a(altera_avalon_timer_sc.o)
                0x0000000000001d90                alt_avalon_timer_sc_init
 .text          0x0000000000001e14      0x4f8 ../InterruptsNIOS_bsp/\libhal_bsp.a(altera_up_avalon_character_lcd.o)
                0x0000000000001e14                get_DDRAM_addr
                0x0000000000001e88                alt_up_character_lcd_send_cmd
                0x0000000000001ec8                alt_up_character_lcd_init
                0x0000000000001f00                alt_up_character_lcd_open_dev
                0x0000000000001f40                alt_up_character_lcd_write
                0x0000000000001fbc                alt_up_character_lcd_string
                0x0000000000002034                alt_up_character_lcd_write_fd
                0x0000000000002084                alt_up_character_lcd_set_cursor_pos
                0x00000000000020f8                alt_up_character_lcd_shift_cursor
                0x0000000000002184                alt_up_character_lcd_shift_display
                0x0000000000002210                alt_up_character_lcd_erase_pos
                0x000000000000229c                alt_up_character_lcd_cursor_off
                0x00000000000022d4                alt_up_character_lcd_cursor_blink_on
 .text          0x000000000000230c      0x390 ../InterruptsNIOS_bsp/\libhal_bsp.a(altera_up_avalon_irda.o)
                0x000000000000230c                alt_up_irda_enable_read_interrupt
                0x0000000000002368                alt_up_irda_disable_read_interrupt
                0x00000000000023c8                alt_up_irda_get_used_space_in_read_FIFO
                0x0000000000002408                alt_up_irda_get_available_space_in_write_FIFO
                0x0000000000002444                alt_up_irda_check_parity
                0x0000000000002488                alt_up_irda_write_data
                0x00000000000024c8                alt_up_irda_read_data
                0x000000000000253c                alt_up_irda_read_fd
                0x00000000000025cc                alt_up_irda_write_fd
                0x000000000000265c                alt_up_irda_open_dev
 .text          0x000000000000269c      0x6b4 ../InterruptsNIOS_bsp/\libhal_bsp.a(altera_up_avalon_ps2.o)
                0x000000000000269c                read_RI_bit
                0x00000000000026d0                read_RE_bit
                0x0000000000002700                read_CE_bit
                0x0000000000002734                read_num_bytes_available
                0x0000000000002764                read_data_valid
                0x0000000000002798                read_data_byte
                0x00000000000027c4                alt_up_ps2_init
                0x000000000000288c                alt_up_ps2_enable_read_interrupt
                0x00000000000028e8                alt_up_ps2_disable_read_interrupt
                0x0000000000002948                alt_up_ps2_write_data_byte
                0x00000000000029bc                alt_up_ps2_wait_for_ack
                0x0000000000002a24                alt_up_ps2_write_data_byte_with_ack
                0x0000000000002a88                alt_up_ps2_read_data_byte_timeout
                0x0000000000002b24                alt_up_ps2_read_data_byte
                0x0000000000002b94                alt_up_ps2_clear_fifo
                0x0000000000002bec                alt_up_ps2_read_fd
                0x0000000000002c78                alt_up_ps2_write_fd
                0x0000000000002d10                alt_up_ps2_open_dev
 .text          0x0000000000002d50      0x394 ../InterruptsNIOS_bsp/\libhal_bsp.a(altera_up_avalon_rs232.o)
                0x0000000000002d50                alt_up_rs232_enable_read_interrupt
                0x0000000000002dac                alt_up_rs232_disable_read_interrupt
                0x0000000000002e0c                alt_up_rs232_get_used_space_in_read_FIFO
                0x0000000000002e4c                alt_up_rs232_get_available_space_in_write_FIFO
                0x0000000000002e88                alt_up_rs232_check_parity
                0x0000000000002ecc                alt_up_rs232_write_data
                0x0000000000002f0c                alt_up_rs232_read_data
                0x0000000000002f80                alt_up_rs232_read_fd
                0x0000000000003010                alt_up_rs232_write_fd
                0x00000000000030a4                alt_up_rs232_open_dev
 .text          0x00000000000030e4      0x140 ../InterruptsNIOS_bsp/\libhal_bsp.a(alt_alarm_start.o)
                0x00000000000030e4                alt_alarm_start
 .text          0x0000000000003224      0x120 ../InterruptsNIOS_bsp/\libhal_bsp.a(alt_close.o)
                0x0000000000003274                close
 .text          0x0000000000003344       0x20 ../InterruptsNIOS_bsp/\libhal_bsp.a(alt_dcache_flush_all.o)
                0x0000000000003344                alt_dcache_flush_all
 .text          0x0000000000003364       0x2c ../InterruptsNIOS_bsp/\libhal_bsp.a(alt_dev.o)
 .text          0x0000000000003390       0xf4 ../InterruptsNIOS_bsp/\libhal_bsp.a(alt_dev_llist_insert.o)
                0x00000000000033e0                alt_dev_llist_insert
 .text          0x0000000000003484       0x60 ../InterruptsNIOS_bsp/\libhal_bsp.a(alt_do_ctors.o)
                0x0000000000003484                _do_ctors
 .text          0x00000000000034e4       0x60 ../InterruptsNIOS_bsp/\libhal_bsp.a(alt_do_dtors.o)
                0x00000000000034e4                _do_dtors
 .text          0x0000000000003544        0x0 ../InterruptsNIOS_bsp/\libhal_bsp.a(alt_errno.o)
 .text          0x0000000000003544       0x90 ../InterruptsNIOS_bsp/\libhal_bsp.a(alt_find_dev.o)
                0x0000000000003544                alt_find_dev
 .text          0x00000000000035d4       0x34 ../InterruptsNIOS_bsp/\libhal_bsp.a(alt_icache_flush_all.o)
                0x00000000000035d4                alt_icache_flush_all
 .text          0x0000000000003608      0x140 ../InterruptsNIOS_bsp/\libhal_bsp.a(alt_io_redirect.o)
                0x00000000000036cc                alt_io_redirect
 .text          0x0000000000003748        0x0 ../InterruptsNIOS_bsp/\libhal_bsp.a(alt_irq_entry.o)
 .text          0x0000000000003748        0x0 ../InterruptsNIOS_bsp/\libhal_bsp.a(alt_irq_handler.o)
 .text          0x0000000000003748      0x274 ../InterruptsNIOS_bsp/\libhal_bsp.a(alt_open.o)
                0x0000000000003864                open
 .text          0x00000000000039bc       0x64 ../InterruptsNIOS_bsp/\libhal_bsp.a(alt_release_fd.o)
                0x00000000000039bc                alt_release_fd
 .text          0x0000000000003a20      0x1a4 ../InterruptsNIOS_bsp/\libhal_bsp.a(alt_tick.o)
                0x0000000000003a20                alt_alarm_stop
                0x0000000000003abc                alt_tick
 .text          0x0000000000003bc4       0x24 ../InterruptsNIOS_bsp/\libhal_bsp.a(altera_nios2_gen2_irq.o)
                0x0000000000003bc4                altera_nios2_gen2_irq_init
 .text          0x0000000000003be8        0x0 ../InterruptsNIOS_bsp/\libhal_bsp.a(alt_exception_entry.o)
 .text          0x0000000000003be8      0x114 ../InterruptsNIOS_bsp/\libhal_bsp.a(alt_find_file.o)
                0x0000000000003be8                alt_find_file
 .text          0x0000000000003cfc       0xb4 ../InterruptsNIOS_bsp/\libhal_bsp.a(alt_get_fd.o)
                0x0000000000003cfc                alt_get_fd
 .text          0x0000000000003db0       0x90 ../InterruptsNIOS_bsp/\libhal_bsp.a(alt_icache_flush.o)
                0x0000000000003db0                alt_icache_flush
 .text          0x0000000000003e40       0x9c ../InterruptsNIOS_bsp/\libhal_bsp.a(alt_instruction_exception_entry.o)
                0x0000000000003e40                alt_exception_cause_generated_bad_addr
 .text          0x0000000000003edc        0x0 c:/altera/16.0/nios2eds/bin/gnu/h-x86_64-mingw32/bin/../lib/gcc/nios2-elf/5.2.0/../../../../../H-x86_64-mingw32/nios2-elf/lib/mhw-mulx\libc.a(lib_a-atexit.o)
 .text.atexit   0x0000000000003edc       0x14 c:/altera/16.0/nios2eds/bin/gnu/h-x86_64-mingw32/bin/../lib/gcc/nios2-elf/5.2.0/../../../../../H-x86_64-mingw32/nios2-elf/lib/mhw-mulx\libc.a(lib_a-atexit.o)
                0x0000000000003edc                atexit
 .text          0x0000000000003ef0        0x0 c:/altera/16.0/nios2eds/bin/gnu/h-x86_64-mingw32/bin/../lib/gcc/nios2-elf/5.2.0/../../../../../H-x86_64-mingw32/nios2-elf/lib/mhw-mulx\libc.a(lib_a-exit.o)
 .text.exit     0x0000000000003ef0       0x38 c:/altera/16.0/nios2eds/bin/gnu/h-x86_64-mingw32/bin/../lib/gcc/nios2-elf/5.2.0/../../../../../H-x86_64-mingw32/nios2-elf/lib/mhw-mulx\libc.a(lib_a-exit.o)
                0x0000000000003ef0                exit
 .text          0x0000000000003f28        0x0 c:/altera/16.0/nios2eds/bin/gnu/h-x86_64-mingw32/bin/../lib/gcc/nios2-elf/5.2.0/../../../../../H-x86_64-mingw32/nios2-elf/lib/mhw-mulx\libc.a(lib_a-impure.o)
 .text          0x0000000000003f28        0x0 c:/altera/16.0/nios2eds/bin/gnu/h-x86_64-mingw32/bin/../lib/gcc/nios2-elf/5.2.0/../../../../../H-x86_64-mingw32/nios2-elf/lib/mhw-mulx\libc.a(lib_a-int_errno.o)
 .text          0x0000000000003f28        0x0 c:/altera/16.0/nios2eds/bin/gnu/h-x86_64-mingw32/bin/../lib/gcc/nios2-elf/5.2.0/../../../../../H-x86_64-mingw32/nios2-elf/lib/mhw-mulx\libc.a(lib_a-memcmp.o)
 .text.memcmp   0x0000000000003f28       0x7c c:/altera/16.0/nios2eds/bin/gnu/h-x86_64-mingw32/bin/../lib/gcc/nios2-elf/5.2.0/../../../../../H-x86_64-mingw32/nios2-elf/lib/mhw-mulx\libc.a(lib_a-memcmp.o)
                0x0000000000003f28                memcmp
 .text          0x0000000000003fa4        0x0 c:/altera/16.0/nios2eds/bin/gnu/h-x86_64-mingw32/bin/../lib/gcc/nios2-elf/5.2.0/../../../../../H-x86_64-mingw32/nios2-elf/lib/mhw-mulx\libc.a(lib_a-strlen.o)
 .text.strlen   0x0000000000003fa4       0x98 c:/altera/16.0/nios2eds/bin/gnu/h-x86_64-mingw32/bin/../lib/gcc/nios2-elf/5.2.0/../../../../../H-x86_64-mingw32/nios2-elf/lib/mhw-mulx\libc.a(lib_a-strlen.o)
                0x0000000000003fa4                strlen
 .text          0x000000000000403c        0x0 c:/altera/16.0/nios2eds/bin/gnu/h-x86_64-mingw32/bin/../lib/gcc/nios2-elf/5.2.0/../../../../../H-x86_64-mingw32/nios2-elf/lib/mhw-mulx\libc.a(lib_a-__atexit.o)
 .text.__register_exitproc
                0x000000000000403c      0x118 c:/altera/16.0/nios2eds/bin/gnu/h-x86_64-mingw32/bin/../lib/gcc/nios2-elf/5.2.0/../../../../../H-x86_64-mingw32/nios2-elf/lib/mhw-mulx\libc.a(lib_a-__atexit.o)
                0x000000000000403c                __register_exitproc
 .text          0x0000000000004154        0x0 c:/altera/16.0/nios2eds/bin/gnu/h-x86_64-mingw32/bin/../lib/gcc/nios2-elf/5.2.0/../../../../../H-x86_64-mingw32/nios2-elf/lib/mhw-mulx\libc.a(lib_a-__call_atexit.o)
 .text.__call_exitprocs
                0x0000000000004154      0x180 c:/altera/16.0/nios2eds/bin/gnu/h-x86_64-mingw32/bin/../lib/gcc/nios2-elf/5.2.0/../../../../../H-x86_64-mingw32/nios2-elf/lib/mhw-mulx\libc.a(lib_a-__call_atexit.o)
                0x0000000000004154                __call_exitprocs
 .text          0x00000000000042d4       0x34 ../InterruptsNIOS_bsp/\libhal_bsp.a(alt_exit.o)
                0x00000000000042d4                _exit
 *(.gnu.warning.*)
 *(.fini)
                [!provide]                        PROVIDE (__etext, ABSOLUTE (.))
                [!provide]                        PROVIDE (_etext, ABSOLUTE (.))
                [!provide]                        PROVIDE (etext, ABSOLUTE (.))
 *(.eh_frame_hdr)
                0x0000000000004308                . = ALIGN (0x4)
                [!provide]                        PROVIDE (__preinit_array_start, ABSOLUTE (.))
 *(.preinit_array)
                [!provide]                        PROVIDE (__preinit_array_end, ABSOLUTE (.))
                [!provide]                        PROVIDE (__init_array_start, ABSOLUTE (.))
 *(.init_array)
                [!provide]                        PROVIDE (__init_array_end, ABSOLUTE (.))
                [!provide]                        PROVIDE (__fini_array_start, ABSOLUTE (.))
 *(.fini_array)
                [!provide]                        PROVIDE (__fini_array_end, ABSOLUTE (.))
 *(.eh_frame)
 *(.gcc_except_table .gcc_except_table.*)
 *(.dynamic)
                0x0000000000004308                PROVIDE (__CTOR_LIST__, ABSOLUTE (.))
 *(.ctors)
 *(SORT(.ctors.*))
                0x0000000000004308                PROVIDE (__CTOR_END__, ABSOLUTE (.))
                0x0000000000004308                PROVIDE (__DTOR_LIST__, ABSOLUTE (.))
 *(.dtors)
 *(SORT(.dtors.*))
                0x0000000000004308                PROVIDE (__DTOR_END__, ABSOLUTE (.))
 *(.jcr)
                0x0000000000004308                . = ALIGN (0x4)

.rodata         0x0000000000004308      0x1d4
                0x0000000000004308                PROVIDE (__ram_rodata_start, ABSOLUTE (.))
                0x0000000000004308                . = ALIGN (0x4)
 *(.rodata .rodata.* .gnu.linkonce.r.*)
 .rodata        0x0000000000004308       0x4e obj/default/buttonISR.o
 .rodata        0x0000000000004356       0x10 obj/default/seven_seg_hex.o
 *fill*         0x0000000000004366        0x2 
 .rodata        0x0000000000004368        0xf ../InterruptsNIOS_bsp/\libhal_bsp.a(alt_main.o)
 *fill*         0x0000000000004377        0x1 
 .rodata        0x0000000000004378      0x151 ../InterruptsNIOS_bsp/\libhal_bsp.a(alt_sys_init.o)
 *fill*         0x00000000000044c9        0x3 
 .rodata        0x00000000000044cc        0xa ../InterruptsNIOS_bsp/\libhal_bsp.a(alt_dev.o)
 *fill*         0x00000000000044d6        0x2 
 .rodata.str1.4
                0x00000000000044d8        0x4 c:/altera/16.0/nios2eds/bin/gnu/h-x86_64-mingw32/bin/../lib/gcc/nios2-elf/5.2.0/../../../../../H-x86_64-mingw32/nios2-elf/lib/mhw-mulx\libc.a(lib_a-impure.o)
                                          0x2 (size before relaxing)
 *(.rodata1)
                0x00000000000044dc                . = ALIGN (0x4)
                0x00000000000044dc                PROVIDE (__ram_rodata_end, ABSOLUTE (.))
                0x0000000000004308                PROVIDE (__flash_rodata_start, LOADADDR (.rodata))

.rwdata         0x00000000000044dc     0x1998 load address 0x0000000000005e74
                0x00000000000044dc                PROVIDE (__ram_rwdata_start, ABSOLUTE (.))
                0x00000000000044dc                . = ALIGN (0x4)
 *(.got.plt)
 *(.got)
 *(.data1)
 *(.data .data.* .gnu.linkonce.d.*)
 .data          0x00000000000044dc        0x0 ../InterruptsNIOS_bsp//obj/HAL/src/crt0.o
 .data          0x00000000000044dc        0x0 obj/default/HexDisplay.o
 .data          0x00000000000044dc        0x0 obj/default/InterruptDemo.o
 .data          0x00000000000044dc        0x0 obj/default/buttonISR.o
 .data          0x00000000000044dc        0x0 obj/default/lcd.o
 .data          0x00000000000044dc        0x0 obj/default/seven_seg_bcd.o
 .data          0x00000000000044dc        0x0 obj/default/seven_seg_hex.o
 .data          0x00000000000044dc        0x0 obj/default/timerISR.o
 .data          0x00000000000044dc        0x0 c:/altera/16.0/nios2eds/bin/gnu/h-x86_64-mingw32/bin/../lib/gcc/nios2-elf/5.2.0/../../../../../H-x86_64-mingw32/nios2-elf/lib/mhw-mulx\libc.a(lib_a-memcpy.o)
 .data          0x00000000000044dc        0x0 ../InterruptsNIOS_bsp/\libhal_bsp.a(alt_irq_register.o)
 .data          0x00000000000044dc        0x0 ../InterruptsNIOS_bsp/\libhal_bsp.a(alt_irq_vars.o)
 .data          0x00000000000044dc        0x0 ../InterruptsNIOS_bsp/\libhal_bsp.a(alt_load.o)
 .data          0x00000000000044dc        0x0 ../InterruptsNIOS_bsp/\libhal_bsp.a(alt_main.o)
 .data          0x00000000000044dc     0x139c ../InterruptsNIOS_bsp/\libhal_bsp.a(alt_sys_init.o)
 .data          0x0000000000005878        0x0 ../InterruptsNIOS_bsp/\libhal_bsp.a(altera_avalon_jtag_uart_fd.o)
 .data          0x0000000000005878        0x0 ../InterruptsNIOS_bsp/\libhal_bsp.a(altera_avalon_jtag_uart_init.o)
 .data          0x0000000000005878        0x0 ../InterruptsNIOS_bsp/\libhal_bsp.a(altera_avalon_jtag_uart_ioctl.o)
 .data          0x0000000000005878        0x0 ../InterruptsNIOS_bsp/\libhal_bsp.a(altera_avalon_jtag_uart_read.o)
 .data          0x0000000000005878        0x0 ../InterruptsNIOS_bsp/\libhal_bsp.a(altera_avalon_jtag_uart_write.o)
 .data          0x0000000000005878        0x0 ../InterruptsNIOS_bsp/\libhal_bsp.a(altera_avalon_timer_sc.o)
 .data          0x0000000000005878        0x0 ../InterruptsNIOS_bsp/\libhal_bsp.a(altera_up_avalon_character_lcd.o)
 .data          0x0000000000005878        0x0 ../InterruptsNIOS_bsp/\libhal_bsp.a(altera_up_avalon_irda.o)
 .data          0x0000000000005878        0x0 ../InterruptsNIOS_bsp/\libhal_bsp.a(altera_up_avalon_ps2.o)
 .data          0x0000000000005878        0x0 ../InterruptsNIOS_bsp/\libhal_bsp.a(altera_up_avalon_rs232.o)
 .data          0x0000000000005878        0x0 ../InterruptsNIOS_bsp/\libhal_bsp.a(alt_alarm_start.o)
 .data          0x0000000000005878        0x0 ../InterruptsNIOS_bsp/\libhal_bsp.a(alt_close.o)
 .data          0x0000000000005878        0x0 ../InterruptsNIOS_bsp/\libhal_bsp.a(alt_dcache_flush_all.o)
 .data          0x0000000000005878      0x1a8 ../InterruptsNIOS_bsp/\libhal_bsp.a(alt_dev.o)
                0x0000000000005878                alt_dev_null
                0x00000000000058a0                alt_fd_list
 .data          0x0000000000005a20        0x0 ../InterruptsNIOS_bsp/\libhal_bsp.a(alt_dev_llist_insert.o)
 .data          0x0000000000005a20        0x0 ../InterruptsNIOS_bsp/\libhal_bsp.a(alt_do_ctors.o)
 .data          0x0000000000005a20        0x0 ../InterruptsNIOS_bsp/\libhal_bsp.a(alt_do_dtors.o)
 .data          0x0000000000005a20        0x0 ../InterruptsNIOS_bsp/\libhal_bsp.a(alt_errno.o)
 .data          0x0000000000005a20        0x0 ../InterruptsNIOS_bsp/\libhal_bsp.a(alt_find_dev.o)
 .data          0x0000000000005a20        0x0 ../InterruptsNIOS_bsp/\libhal_bsp.a(alt_icache_flush_all.o)
 .data          0x0000000000005a20        0x0 ../InterruptsNIOS_bsp/\libhal_bsp.a(alt_io_redirect.o)
 .data          0x0000000000005a20        0x0 ../InterruptsNIOS_bsp/\libhal_bsp.a(alt_irq_entry.o)
 .data          0x0000000000005a20        0x0 ../InterruptsNIOS_bsp/\libhal_bsp.a(alt_irq_handler.o)
 .data          0x0000000000005a20        0x0 ../InterruptsNIOS_bsp/\libhal_bsp.a(alt_open.o)
 .data          0x0000000000005a20        0x0 ../InterruptsNIOS_bsp/\libhal_bsp.a(alt_release_fd.o)
 .data          0x0000000000005a20        0x0 ../InterruptsNIOS_bsp/\libhal_bsp.a(alt_tick.o)
 .data          0x0000000000005a20        0x0 ../InterruptsNIOS_bsp/\libhal_bsp.a(altera_nios2_gen2_irq.o)
 .data          0x0000000000005a20        0x0 ../InterruptsNIOS_bsp/\libhal_bsp.a(alt_exception_entry.o)
 .data          0x0000000000005a20        0x0 ../InterruptsNIOS_bsp/\libhal_bsp.a(alt_find_file.o)
 .data          0x0000000000005a20        0x0 ../InterruptsNIOS_bsp/\libhal_bsp.a(alt_get_fd.o)
 .data          0x0000000000005a20        0x0 ../InterruptsNIOS_bsp/\libhal_bsp.a(alt_icache_flush.o)
 .data          0x0000000000005a20        0x0 ../InterruptsNIOS_bsp/\libhal_bsp.a(alt_instruction_exception_entry.o)
 .data          0x0000000000005a20        0x0 c:/altera/16.0/nios2eds/bin/gnu/h-x86_64-mingw32/bin/../lib/gcc/nios2-elf/5.2.0/../../../../../H-x86_64-mingw32/nios2-elf/lib/mhw-mulx\libc.a(lib_a-atexit.o)
 .data          0x0000000000005a20        0x0 c:/altera/16.0/nios2eds/bin/gnu/h-x86_64-mingw32/bin/../lib/gcc/nios2-elf/5.2.0/../../../../../H-x86_64-mingw32/nios2-elf/lib/mhw-mulx\libc.a(lib_a-exit.o)
 .data          0x0000000000005a20        0x0 c:/altera/16.0/nios2eds/bin/gnu/h-x86_64-mingw32/bin/../lib/gcc/nios2-elf/5.2.0/../../../../../H-x86_64-mingw32/nios2-elf/lib/mhw-mulx\libc.a(lib_a-impure.o)
 .data.impure_data
                0x0000000000005a20      0x424 c:/altera/16.0/nios2eds/bin/gnu/h-x86_64-mingw32/bin/../lib/gcc/nios2-elf/5.2.0/../../../../../H-x86_64-mingw32/nios2-elf/lib/mhw-mulx\libc.a(lib_a-impure.o)
 .data          0x0000000000005e44        0x0 c:/altera/16.0/nios2eds/bin/gnu/h-x86_64-mingw32/bin/../lib/gcc/nios2-elf/5.2.0/../../../../../H-x86_64-mingw32/nios2-elf/lib/mhw-mulx\libc.a(lib_a-int_errno.o)
 .data          0x0000000000005e44        0x0 c:/altera/16.0/nios2eds/bin/gnu/h-x86_64-mingw32/bin/../lib/gcc/nios2-elf/5.2.0/../../../../../H-x86_64-mingw32/nios2-elf/lib/mhw-mulx\libc.a(lib_a-memcmp.o)
 .data          0x0000000000005e44        0x0 c:/altera/16.0/nios2eds/bin/gnu/h-x86_64-mingw32/bin/../lib/gcc/nios2-elf/5.2.0/../../../../../H-x86_64-mingw32/nios2-elf/lib/mhw-mulx\libc.a(lib_a-strlen.o)
 .data          0x0000000000005e44        0x0 c:/altera/16.0/nios2eds/bin/gnu/h-x86_64-mingw32/bin/../lib/gcc/nios2-elf/5.2.0/../../../../../H-x86_64-mingw32/nios2-elf/lib/mhw-mulx\libc.a(lib_a-__atexit.o)
 .data          0x0000000000005e44        0x0 c:/altera/16.0/nios2eds/bin/gnu/h-x86_64-mingw32/bin/../lib/gcc/nios2-elf/5.2.0/../../../../../H-x86_64-mingw32/nios2-elf/lib/mhw-mulx\libc.a(lib_a-__call_atexit.o)
 .data          0x0000000000005e44        0x0 ../InterruptsNIOS_bsp/\libhal_bsp.a(alt_exit.o)
                0x000000000000de44                _gp = ABSOLUTE ((. + 0x8000))
                [!provide]                        PROVIDE (gp, _gp)
 *(.rwdata .rwdata.*)
 *(.sdata .sdata.* .gnu.linkonce.s.*)
 .sdata         0x0000000000005e44        0x1 obj/default/HexDisplay.o
 *fill*         0x0000000000005e45        0x3 
 .sdata         0x0000000000005e48        0x4 ../InterruptsNIOS_bsp/\libhal_bsp.a(alt_irq_vars.o)
                0x0000000000005e48                alt_priority_mask
 .sdata         0x0000000000005e4c       0x14 ../InterruptsNIOS_bsp/\libhal_bsp.a(alt_dev.o)
                0x0000000000005e4c                alt_fs_list
                0x0000000000005e54                alt_dev_list
                0x0000000000005e5c                alt_max_fd
 .sdata         0x0000000000005e60        0x4 ../InterruptsNIOS_bsp/\libhal_bsp.a(alt_errno.o)
                0x0000000000005e60                alt_errno
 .sdata         0x0000000000005e64        0x8 ../InterruptsNIOS_bsp/\libhal_bsp.a(alt_tick.o)
                0x0000000000005e64                alt_alarm_list
 .sdata._global_impure_ptr
                0x0000000000005e6c        0x4 c:/altera/16.0/nios2eds/bin/gnu/h-x86_64-mingw32/bin/../lib/gcc/nios2-elf/5.2.0/../../../../../H-x86_64-mingw32/nios2-elf/lib/mhw-mulx\libc.a(lib_a-impure.o)
                0x0000000000005e6c                _global_impure_ptr
 .sdata._impure_ptr
                0x0000000000005e70        0x4 c:/altera/16.0/nios2eds/bin/gnu/h-x86_64-mingw32/bin/../lib/gcc/nios2-elf/5.2.0/../../../../../H-x86_64-mingw32/nios2-elf/lib/mhw-mulx\libc.a(lib_a-impure.o)
                0x0000000000005e70                _impure_ptr
 *(.sdata2 .sdata2.* .gnu.linkonce.s2.*)
                0x0000000000005e74                . = ALIGN (0x4)
                0x0000000000005e74                _edata = ABSOLUTE (.)
                [!provide]                        PROVIDE (edata, ABSOLUTE (.))
                0x0000000000005e74                PROVIDE (__ram_rwdata_end, ABSOLUTE (.))
                0x0000000000005e74                PROVIDE (__flash_rwdata_start, LOADADDR (.rwdata))

.bss            0x000000000000780c      0x124
                0x000000000000780c                __bss_start = ABSOLUTE (.)
                [!provide]                        PROVIDE (__sbss_start, ABSOLUTE (.))
                [!provide]                        PROVIDE (___sbss_start, ABSOLUTE (.))
 *(.dynsbss)
 *(.sbss .sbss.* .gnu.linkonce.sb.*)
 .sbss          0x000000000000780c        0x4 obj/default/InterruptDemo.o
 .sbss          0x0000000000007810        0x4 ../InterruptsNIOS_bsp/\libhal_bsp.a(alt_irq_vars.o)
                0x0000000000007810                alt_irq_active
 .sbss          0x0000000000007814        0xc ../InterruptsNIOS_bsp/\libhal_bsp.a(alt_main.o)
                0x0000000000007814                alt_argc
                0x0000000000007818                alt_argv
                0x000000000000781c                alt_envp
 .sbss          0x0000000000007820        0x8 ../InterruptsNIOS_bsp/\libhal_bsp.a(alt_tick.o)
                0x0000000000007820                _alt_tick_rate
                0x0000000000007824                _alt_nticks
 .sbss          0x0000000000007828        0x4 ../InterruptsNIOS_bsp/\libhal_bsp.a(alt_instruction_exception_entry.o)
                0x0000000000007828                alt_instruction_exception_handler
 .sbss          0x000000000000782c        0x4 c:/altera/16.0/nios2eds/bin/gnu/h-x86_64-mingw32/bin/../lib/gcc/nios2-elf/5.2.0/../../../../../H-x86_64-mingw32/nios2-elf/lib/mhw-mulx\libc.a(lib_a-int_errno.o)
                0x000000000000782c                errno
 *(.sbss2 .sbss2.* .gnu.linkonce.sb2.*)
 *(.scommon)
                [!provide]                        PROVIDE (__sbss_end, ABSOLUTE (.))
                [!provide]                        PROVIDE (___sbss_end, ABSOLUTE (.))
 *(.dynbss)
 *(.bss .bss.* .gnu.linkonce.b.*)
 .bss           0x0000000000007830        0x0 ../InterruptsNIOS_bsp//obj/HAL/src/crt0.o
 .bss           0x0000000000007830        0x0 obj/default/HexDisplay.o
 .bss           0x0000000000007830        0x0 obj/default/InterruptDemo.o
 .bss           0x0000000000007830        0x0 obj/default/buttonISR.o
 .bss           0x0000000000007830        0x0 obj/default/lcd.o
 .bss           0x0000000000007830        0x0 obj/default/seven_seg_bcd.o
 .bss           0x0000000000007830        0x0 obj/default/seven_seg_hex.o
 .bss           0x0000000000007830        0x0 obj/default/timerISR.o
 .bss           0x0000000000007830        0x0 c:/altera/16.0/nios2eds/bin/gnu/h-x86_64-mingw32/bin/../lib/gcc/nios2-elf/5.2.0/../../../../../H-x86_64-mingw32/nios2-elf/lib/mhw-mulx\libc.a(lib_a-memcpy.o)
 .bss           0x0000000000007830        0x0 ../InterruptsNIOS_bsp/\libhal_bsp.a(alt_irq_register.o)
 .bss           0x0000000000007830        0x0 ../InterruptsNIOS_bsp/\libhal_bsp.a(alt_irq_vars.o)
 .bss           0x0000000000007830        0x0 ../InterruptsNIOS_bsp/\libhal_bsp.a(alt_load.o)
 .bss           0x0000000000007830        0x0 ../InterruptsNIOS_bsp/\libhal_bsp.a(alt_main.o)
 .bss           0x0000000000007830        0x0 ../InterruptsNIOS_bsp/\libhal_bsp.a(alt_sys_init.o)
 .bss           0x0000000000007830        0x0 ../InterruptsNIOS_bsp/\libhal_bsp.a(altera_avalon_jtag_uart_fd.o)
 .bss           0x0000000000007830        0x0 ../InterruptsNIOS_bsp/\libhal_bsp.a(altera_avalon_jtag_uart_init.o)
 .bss           0x0000000000007830        0x0 ../InterruptsNIOS_bsp/\libhal_bsp.a(altera_avalon_jtag_uart_ioctl.o)
 .bss           0x0000000000007830        0x0 ../InterruptsNIOS_bsp/\libhal_bsp.a(altera_avalon_jtag_uart_read.o)
 .bss           0x0000000000007830        0x0 ../InterruptsNIOS_bsp/\libhal_bsp.a(altera_avalon_jtag_uart_write.o)
 .bss           0x0000000000007830        0x0 ../InterruptsNIOS_bsp/\libhal_bsp.a(altera_avalon_timer_sc.o)
 .bss           0x0000000000007830        0x0 ../InterruptsNIOS_bsp/\libhal_bsp.a(altera_up_avalon_character_lcd.o)
 .bss           0x0000000000007830        0x0 ../InterruptsNIOS_bsp/\libhal_bsp.a(altera_up_avalon_irda.o)
 .bss           0x0000000000007830        0x0 ../InterruptsNIOS_bsp/\libhal_bsp.a(altera_up_avalon_ps2.o)
 .bss           0x0000000000007830        0x0 ../InterruptsNIOS_bsp/\libhal_bsp.a(altera_up_avalon_rs232.o)
 .bss           0x0000000000007830        0x0 ../InterruptsNIOS_bsp/\libhal_bsp.a(alt_alarm_start.o)
 .bss           0x0000000000007830        0x0 ../InterruptsNIOS_bsp/\libhal_bsp.a(alt_close.o)
 .bss           0x0000000000007830        0x0 ../InterruptsNIOS_bsp/\libhal_bsp.a(alt_dcache_flush_all.o)
 .bss           0x0000000000007830        0x0 ../InterruptsNIOS_bsp/\libhal_bsp.a(alt_dev.o)
 .bss           0x0000000000007830        0x0 ../InterruptsNIOS_bsp/\libhal_bsp.a(alt_dev_llist_insert.o)
 .bss           0x0000000000007830        0x0 ../InterruptsNIOS_bsp/\libhal_bsp.a(alt_do_ctors.o)
 .bss           0x0000000000007830        0x0 ../InterruptsNIOS_bsp/\libhal_bsp.a(alt_do_dtors.o)
 .bss           0x0000000000007830        0x0 ../InterruptsNIOS_bsp/\libhal_bsp.a(alt_errno.o)
 .bss           0x0000000000007830        0x0 ../InterruptsNIOS_bsp/\libhal_bsp.a(alt_find_dev.o)
 .bss           0x0000000000007830        0x0 ../InterruptsNIOS_bsp/\libhal_bsp.a(alt_icache_flush_all.o)
 .bss           0x0000000000007830        0x0 ../InterruptsNIOS_bsp/\libhal_bsp.a(alt_io_redirect.o)
 .bss           0x0000000000007830        0x0 ../InterruptsNIOS_bsp/\libhal_bsp.a(alt_irq_entry.o)
 .bss           0x0000000000007830        0x0 ../InterruptsNIOS_bsp/\libhal_bsp.a(alt_irq_handler.o)
 .bss           0x0000000000007830        0x0 ../InterruptsNIOS_bsp/\libhal_bsp.a(alt_open.o)
 .bss           0x0000000000007830        0x0 ../InterruptsNIOS_bsp/\libhal_bsp.a(alt_release_fd.o)
 .bss           0x0000000000007830        0x0 ../InterruptsNIOS_bsp/\libhal_bsp.a(alt_tick.o)
 .bss           0x0000000000007830        0x0 ../InterruptsNIOS_bsp/\libhal_bsp.a(altera_nios2_gen2_irq.o)
 .bss           0x0000000000007830        0x0 ../InterruptsNIOS_bsp/\libhal_bsp.a(alt_exception_entry.o)
 .bss           0x0000000000007830        0x0 ../InterruptsNIOS_bsp/\libhal_bsp.a(alt_find_file.o)
 .bss           0x0000000000007830        0x0 ../InterruptsNIOS_bsp/\libhal_bsp.a(alt_get_fd.o)
 .bss           0x0000000000007830        0x0 ../InterruptsNIOS_bsp/\libhal_bsp.a(alt_icache_flush.o)
 .bss           0x0000000000007830        0x0 ../InterruptsNIOS_bsp/\libhal_bsp.a(alt_instruction_exception_entry.o)
 .bss           0x0000000000007830        0x0 c:/altera/16.0/nios2eds/bin/gnu/h-x86_64-mingw32/bin/../lib/gcc/nios2-elf/5.2.0/../../../../../H-x86_64-mingw32/nios2-elf/lib/mhw-mulx\libc.a(lib_a-atexit.o)
 .bss           0x0000000000007830        0x0 c:/altera/16.0/nios2eds/bin/gnu/h-x86_64-mingw32/bin/../lib/gcc/nios2-elf/5.2.0/../../../../../H-x86_64-mingw32/nios2-elf/lib/mhw-mulx\libc.a(lib_a-exit.o)
 .bss           0x0000000000007830        0x0 c:/altera/16.0/nios2eds/bin/gnu/h-x86_64-mingw32/bin/../lib/gcc/nios2-elf/5.2.0/../../../../../H-x86_64-mingw32/nios2-elf/lib/mhw-mulx\libc.a(lib_a-impure.o)
 .bss           0x0000000000007830        0x0 c:/altera/16.0/nios2eds/bin/gnu/h-x86_64-mingw32/bin/../lib/gcc/nios2-elf/5.2.0/../../../../../H-x86_64-mingw32/nios2-elf/lib/mhw-mulx\libc.a(lib_a-int_errno.o)
 .bss           0x0000000000007830        0x0 c:/altera/16.0/nios2eds/bin/gnu/h-x86_64-mingw32/bin/../lib/gcc/nios2-elf/5.2.0/../../../../../H-x86_64-mingw32/nios2-elf/lib/mhw-mulx\libc.a(lib_a-memcmp.o)
 .bss           0x0000000000007830        0x0 c:/altera/16.0/nios2eds/bin/gnu/h-x86_64-mingw32/bin/../lib/gcc/nios2-elf/5.2.0/../../../../../H-x86_64-mingw32/nios2-elf/lib/mhw-mulx\libc.a(lib_a-strlen.o)
 .bss           0x0000000000007830        0x0 c:/altera/16.0/nios2eds/bin/gnu/h-x86_64-mingw32/bin/../lib/gcc/nios2-elf/5.2.0/../../../../../H-x86_64-mingw32/nios2-elf/lib/mhw-mulx\libc.a(lib_a-__atexit.o)
 .bss           0x0000000000007830        0x0 c:/altera/16.0/nios2eds/bin/gnu/h-x86_64-mingw32/bin/../lib/gcc/nios2-elf/5.2.0/../../../../../H-x86_64-mingw32/nios2-elf/lib/mhw-mulx\libc.a(lib_a-__call_atexit.o)
 .bss           0x0000000000007830        0x0 ../InterruptsNIOS_bsp/\libhal_bsp.a(alt_exit.o)
 *(COMMON)
 COMMON         0x0000000000007830      0x100 ../InterruptsNIOS_bsp/\libhal_bsp.a(alt_irq_handler.o)
                0x0000000000007830                alt_irq
                0x0000000000007930                . = ALIGN (0x4)
                0x0000000000007930                __bss_end = ABSOLUTE (.)

.SDRAM          0x0000000000007930        0x0
                [!provide]                        PROVIDE (_alt_partition_SDRAM_start, ABSOLUTE (.))
 *(.SDRAM .SDRAM. SDRAM.*)
                0x0000000000007930                . = ALIGN (0x4)
                [!provide]                        PROVIDE (_alt_partition_SDRAM_end, ABSOLUTE (.))
                0x0000000000007930                _end = ABSOLUTE (.)
                0x0000000000007930                end = ABSOLUTE (.)
                0x0000000000007930                __alt_stack_base = ABSOLUTE (.)
                [!provide]                        PROVIDE (_alt_partition_SDRAM_load_addr, LOADADDR (.SDRAM))

.VGA_Subsystem_Char_Buf_Subsystem_Onchip_SRAM
                0x0000000009000000        0x0 load address 0x0000000000007930
                [!provide]                        PROVIDE (_alt_partition_VGA_Subsystem_Char_Buf_Subsystem_Onchip_SRAM_start, ABSOLUTE (.))
 *(.VGA_Subsystem_Char_Buf_Subsystem_Onchip_SRAM .VGA_Subsystem_Char_Buf_Subsystem_Onchip_SRAM. VGA_Subsystem_Char_Buf_Subsystem_Onchip_SRAM.*)
                0x0000000009000000                . = ALIGN (0x4)
                [!provide]                        PROVIDE (_alt_partition_VGA_Subsystem_Char_Buf_Subsystem_Onchip_SRAM_end, ABSOLUTE (.))
                [!provide]                        PROVIDE (_alt_partition_VGA_Subsystem_Char_Buf_Subsystem_Onchip_SRAM_load_addr, LOADADDR (.VGA_Subsystem_Char_Buf_Subsystem_Onchip_SRAM))

.stab
 *(.stab)

.stabstr
 *(.stabstr)

.stab.excl
 *(.stab.excl)

.stab.exclstr
 *(.stab.exclstr)

.stab.index
 *(.stab.index)

.stab.indexstr
 *(.stab.indexstr)

.comment        0x0000000000000000       0x23
 *(.comment)
 .comment       0x0000000000000000       0x23 obj/default/HexDisplay.o
                                         0x24 (size before relaxing)
 .comment       0x0000000000000023       0x24 obj/default/InterruptDemo.o
 .comment       0x0000000000000023       0x24 obj/default/buttonISR.o
 .comment       0x0000000000000023       0x24 obj/default/lcd.o
 .comment       0x0000000000000023       0x24 obj/default/seven_seg_bcd.o
 .comment       0x0000000000000023       0x24 obj/default/seven_seg_hex.o
 .comment       0x0000000000000023       0x24 obj/default/timerISR.o
 .comment       0x0000000000000023       0x24 c:/altera/16.0/nios2eds/bin/gnu/h-x86_64-mingw32/bin/../lib/gcc/nios2-elf/5.2.0/../../../../../H-x86_64-mingw32/nios2-elf/lib/mhw-mulx\libc.a(lib_a-memcpy.o)
 .comment       0x0000000000000023       0x24 ../InterruptsNIOS_bsp/\libhal_bsp.a(alt_irq_register.o)
 .comment       0x0000000000000023       0x24 ../InterruptsNIOS_bsp/\libhal_bsp.a(alt_irq_vars.o)
 .comment       0x0000000000000023       0x24 ../InterruptsNIOS_bsp/\libhal_bsp.a(alt_load.o)
 .comment       0x0000000000000023       0x24 ../InterruptsNIOS_bsp/\libhal_bsp.a(alt_main.o)
 .comment       0x0000000000000023       0x24 ../InterruptsNIOS_bsp/\libhal_bsp.a(alt_sys_init.o)
 .comment       0x0000000000000023       0x24 ../InterruptsNIOS_bsp/\libhal_bsp.a(altera_avalon_jtag_uart_fd.o)
 .comment       0x0000000000000023       0x24 ../InterruptsNIOS_bsp/\libhal_bsp.a(altera_avalon_jtag_uart_init.o)
 .comment       0x0000000000000023       0x24 ../InterruptsNIOS_bsp/\libhal_bsp.a(altera_avalon_jtag_uart_ioctl.o)
 .comment       0x0000000000000023       0x24 ../InterruptsNIOS_bsp/\libhal_bsp.a(altera_avalon_jtag_uart_read.o)
 .comment       0x0000000000000023       0x24 ../InterruptsNIOS_bsp/\libhal_bsp.a(altera_avalon_jtag_uart_write.o)
 .comment       0x0000000000000023       0x24 ../InterruptsNIOS_bsp/\libhal_bsp.a(altera_avalon_timer_sc.o)
 .comment       0x0000000000000023       0x24 ../InterruptsNIOS_bsp/\libhal_bsp.a(altera_up_avalon_character_lcd.o)
 .comment       0x0000000000000023       0x24 ../InterruptsNIOS_bsp/\libhal_bsp.a(altera_up_avalon_irda.o)
 .comment       0x0000000000000023       0x24 ../InterruptsNIOS_bsp/\libhal_bsp.a(altera_up_avalon_ps2.o)
 .comment       0x0000000000000023       0x24 ../InterruptsNIOS_bsp/\libhal_bsp.a(altera_up_avalon_rs232.o)
 .comment       0x0000000000000023       0x24 ../InterruptsNIOS_bsp/\libhal_bsp.a(alt_alarm_start.o)
 .comment       0x0000000000000023       0x24 ../InterruptsNIOS_bsp/\libhal_bsp.a(alt_close.o)
 .comment       0x0000000000000023       0x24 ../InterruptsNIOS_bsp/\libhal_bsp.a(alt_dcache_flush_all.o)
 .comment       0x0000000000000023       0x24 ../InterruptsNIOS_bsp/\libhal_bsp.a(alt_dev.o)
 .comment       0x0000000000000023       0x24 ../InterruptsNIOS_bsp/\libhal_bsp.a(alt_dev_llist_insert.o)
 .comment       0x0000000000000023       0x24 ../InterruptsNIOS_bsp/\libhal_bsp.a(alt_do_ctors.o)
 .comment       0x0000000000000023       0x24 ../InterruptsNIOS_bsp/\libhal_bsp.a(alt_do_dtors.o)
 .comment       0x0000000000000023       0x24 ../InterruptsNIOS_bsp/\libhal_bsp.a(alt_errno.o)
 .comment       0x0000000000000023       0x24 ../InterruptsNIOS_bsp/\libhal_bsp.a(alt_find_dev.o)
 .comment       0x0000000000000023       0x24 ../InterruptsNIOS_bsp/\libhal_bsp.a(alt_icache_flush_all.o)
 .comment       0x0000000000000023       0x24 ../InterruptsNIOS_bsp/\libhal_bsp.a(alt_io_redirect.o)
 .comment       0x0000000000000023       0x24 ../InterruptsNIOS_bsp/\libhal_bsp.a(alt_irq_handler.o)
 .comment       0x0000000000000023       0x24 ../InterruptsNIOS_bsp/\libhal_bsp.a(alt_open.o)
 .comment       0x0000000000000023       0x24 ../InterruptsNIOS_bsp/\libhal_bsp.a(alt_release_fd.o)
 .comment       0x0000000000000023       0x24 ../InterruptsNIOS_bsp/\libhal_bsp.a(alt_tick.o)
 .comment       0x0000000000000023       0x24 ../InterruptsNIOS_bsp/\libhal_bsp.a(altera_nios2_gen2_irq.o)
 .comment       0x0000000000000023       0x24 ../InterruptsNIOS_bsp/\libhal_bsp.a(alt_find_file.o)
 .comment       0x0000000000000023       0x24 ../InterruptsNIOS_bsp/\libhal_bsp.a(alt_get_fd.o)
 .comment       0x0000000000000023       0x24 ../InterruptsNIOS_bsp/\libhal_bsp.a(alt_icache_flush.o)
 .comment       0x0000000000000023       0x24 ../InterruptsNIOS_bsp/\libhal_bsp.a(alt_instruction_exception_entry.o)
 .comment       0x0000000000000023       0x24 c:/altera/16.0/nios2eds/bin/gnu/h-x86_64-mingw32/bin/../lib/gcc/nios2-elf/5.2.0/../../../../../H-x86_64-mingw32/nios2-elf/lib/mhw-mulx\libc.a(lib_a-atexit.o)
 .comment       0x0000000000000023       0x24 c:/altera/16.0/nios2eds/bin/gnu/h-x86_64-mingw32/bin/../lib/gcc/nios2-elf/5.2.0/../../../../../H-x86_64-mingw32/nios2-elf/lib/mhw-mulx\libc.a(lib_a-exit.o)
 .comment       0x0000000000000023       0x24 c:/altera/16.0/nios2eds/bin/gnu/h-x86_64-mingw32/bin/../lib/gcc/nios2-elf/5.2.0/../../../../../H-x86_64-mingw32/nios2-elf/lib/mhw-mulx\libc.a(lib_a-impure.o)
 .comment       0x0000000000000023       0x24 c:/altera/16.0/nios2eds/bin/gnu/h-x86_64-mingw32/bin/../lib/gcc/nios2-elf/5.2.0/../../../../../H-x86_64-mingw32/nios2-elf/lib/mhw-mulx\libc.a(lib_a-int_errno.o)
 .comment       0x0000000000000023       0x24 c:/altera/16.0/nios2eds/bin/gnu/h-x86_64-mingw32/bin/../lib/gcc/nios2-elf/5.2.0/../../../../../H-x86_64-mingw32/nios2-elf/lib/mhw-mulx\libc.a(lib_a-memcmp.o)
 .comment       0x0000000000000023       0x24 c:/altera/16.0/nios2eds/bin/gnu/h-x86_64-mingw32/bin/../lib/gcc/nios2-elf/5.2.0/../../../../../H-x86_64-mingw32/nios2-elf/lib/mhw-mulx\libc.a(lib_a-strlen.o)
 .comment       0x0000000000000023       0x24 c:/altera/16.0/nios2eds/bin/gnu/h-x86_64-mingw32/bin/../lib/gcc/nios2-elf/5.2.0/../../../../../H-x86_64-mingw32/nios2-elf/lib/mhw-mulx\libc.a(lib_a-__atexit.o)
 .comment       0x0000000000000023       0x24 c:/altera/16.0/nios2eds/bin/gnu/h-x86_64-mingw32/bin/../lib/gcc/nios2-elf/5.2.0/../../../../../H-x86_64-mingw32/nios2-elf/lib/mhw-mulx\libc.a(lib_a-__call_atexit.o)
 .comment       0x0000000000000023       0x24 ../InterruptsNIOS_bsp/\libhal_bsp.a(alt_exit.o)

.debug
 *(.debug)

.line
 *(.line)

.debug_srcinfo
 *(.debug_srcinfo)

.debug_sfnames
 *(.debug_sfnames)

.debug_aranges  0x0000000000000000      0x6f8
 *(.debug_aranges)
 .debug_aranges
                0x0000000000000000       0x28 ../InterruptsNIOS_bsp//obj/HAL/src/crt0.o
 .debug_aranges
                0x0000000000000028       0x20 obj/default/HexDisplay.o
 .debug_aranges
                0x0000000000000048       0x20 obj/default/InterruptDemo.o
 .debug_aranges
                0x0000000000000068       0x20 obj/default/buttonISR.o
 .debug_aranges
                0x0000000000000088       0x20 obj/default/lcd.o
 .debug_aranges
                0x00000000000000a8       0x20 obj/default/seven_seg_bcd.o
 .debug_aranges
                0x00000000000000c8       0x20 obj/default/seven_seg_hex.o
 .debug_aranges
                0x00000000000000e8       0x20 obj/default/timerISR.o
 .debug_aranges
                0x0000000000000108       0x20 c:/altera/16.0/nios2eds/bin/gnu/h-x86_64-mingw32/bin/../lib/gcc/nios2-elf/5.2.0/../../../../../H-x86_64-mingw32/nios2-elf/lib/mhw-mulx\libc.a(lib_a-memcpy.o)
 .debug_aranges
                0x0000000000000128       0x20 ../InterruptsNIOS_bsp/\libhal_bsp.a(alt_irq_register.o)
 .debug_aranges
                0x0000000000000148       0x18 ../InterruptsNIOS_bsp/\libhal_bsp.a(alt_irq_vars.o)
 .debug_aranges
                0x0000000000000160       0x20 ../InterruptsNIOS_bsp/\libhal_bsp.a(alt_load.o)
 .debug_aranges
                0x0000000000000180       0x20 ../InterruptsNIOS_bsp/\libhal_bsp.a(alt_main.o)
 .debug_aranges
                0x00000000000001a0       0x20 ../InterruptsNIOS_bsp/\libhal_bsp.a(alt_sys_init.o)
 .debug_aranges
                0x00000000000001c0       0x20 ../InterruptsNIOS_bsp/\libhal_bsp.a(altera_avalon_jtag_uart_fd.o)
 .debug_aranges
                0x00000000000001e0       0x20 ../InterruptsNIOS_bsp/\libhal_bsp.a(altera_avalon_jtag_uart_init.o)
 .debug_aranges
                0x0000000000000200       0x20 ../InterruptsNIOS_bsp/\libhal_bsp.a(altera_avalon_jtag_uart_ioctl.o)
 .debug_aranges
                0x0000000000000220       0x20 ../InterruptsNIOS_bsp/\libhal_bsp.a(altera_avalon_jtag_uart_read.o)
 .debug_aranges
                0x0000000000000240       0x20 ../InterruptsNIOS_bsp/\libhal_bsp.a(altera_avalon_jtag_uart_write.o)
 .debug_aranges
                0x0000000000000260       0x20 ../InterruptsNIOS_bsp/\libhal_bsp.a(altera_avalon_timer_sc.o)
 .debug_aranges
                0x0000000000000280       0x20 ../InterruptsNIOS_bsp/\libhal_bsp.a(altera_up_avalon_character_lcd.o)
 .debug_aranges
                0x00000000000002a0       0x20 ../InterruptsNIOS_bsp/\libhal_bsp.a(altera_up_avalon_irda.o)
 .debug_aranges
                0x00000000000002c0       0x20 ../InterruptsNIOS_bsp/\libhal_bsp.a(altera_up_avalon_ps2.o)
 .debug_aranges
                0x00000000000002e0       0x20 ../InterruptsNIOS_bsp/\libhal_bsp.a(altera_up_avalon_rs232.o)
 .debug_aranges
                0x0000000000000300       0x20 ../InterruptsNIOS_bsp/\libhal_bsp.a(alt_alarm_start.o)
 .debug_aranges
                0x0000000000000320       0x20 ../InterruptsNIOS_bsp/\libhal_bsp.a(alt_close.o)
 .debug_aranges
                0x0000000000000340       0x20 ../InterruptsNIOS_bsp/\libhal_bsp.a(alt_dcache_flush_all.o)
 .debug_aranges
                0x0000000000000360       0x20 ../InterruptsNIOS_bsp/\libhal_bsp.a(alt_dev.o)
 .debug_aranges
                0x0000000000000380       0x20 ../InterruptsNIOS_bsp/\libhal_bsp.a(alt_dev_llist_insert.o)
 .debug_aranges
                0x00000000000003a0       0x20 ../InterruptsNIOS_bsp/\libhal_bsp.a(alt_do_ctors.o)
 .debug_aranges
                0x00000000000003c0       0x20 ../InterruptsNIOS_bsp/\libhal_bsp.a(alt_do_dtors.o)
 .debug_aranges
                0x00000000000003e0       0x18 ../InterruptsNIOS_bsp/\libhal_bsp.a(alt_errno.o)
 .debug_aranges
                0x00000000000003f8       0x20 ../InterruptsNIOS_bsp/\libhal_bsp.a(alt_find_dev.o)
 .debug_aranges
                0x0000000000000418       0x20 ../InterruptsNIOS_bsp/\libhal_bsp.a(alt_icache_flush_all.o)
 .debug_aranges
                0x0000000000000438       0x20 ../InterruptsNIOS_bsp/\libhal_bsp.a(alt_io_redirect.o)
 .debug_aranges
                0x0000000000000458       0x30 ../InterruptsNIOS_bsp/\libhal_bsp.a(alt_irq_entry.o)
 .debug_aranges
                0x0000000000000488       0x20 ../InterruptsNIOS_bsp/\libhal_bsp.a(alt_irq_handler.o)
 .debug_aranges
                0x00000000000004a8       0x20 ../InterruptsNIOS_bsp/\libhal_bsp.a(alt_open.o)
 .debug_aranges
                0x00000000000004c8       0x20 ../InterruptsNIOS_bsp/\libhal_bsp.a(alt_release_fd.o)
 .debug_aranges
                0x00000000000004e8       0x20 ../InterruptsNIOS_bsp/\libhal_bsp.a(alt_tick.o)
 .debug_aranges
                0x0000000000000508       0x20 ../InterruptsNIOS_bsp/\libhal_bsp.a(altera_nios2_gen2_irq.o)
 .debug_aranges
                0x0000000000000528       0x38 ../InterruptsNIOS_bsp/\libhal_bsp.a(alt_exception_entry.o)
 .debug_aranges
                0x0000000000000560       0x20 ../InterruptsNIOS_bsp/\libhal_bsp.a(alt_find_file.o)
 .debug_aranges
                0x0000000000000580       0x20 ../InterruptsNIOS_bsp/\libhal_bsp.a(alt_get_fd.o)
 .debug_aranges
                0x00000000000005a0       0x20 ../InterruptsNIOS_bsp/\libhal_bsp.a(alt_icache_flush.o)
 .debug_aranges
                0x00000000000005c0       0x28 ../InterruptsNIOS_bsp/\libhal_bsp.a(alt_instruction_exception_entry.o)
 .debug_aranges
                0x00000000000005e8       0x20 c:/altera/16.0/nios2eds/bin/gnu/h-x86_64-mingw32/bin/../lib/gcc/nios2-elf/5.2.0/../../../../../H-x86_64-mingw32/nios2-elf/lib/mhw-mulx\libc.a(lib_a-atexit.o)
 .debug_aranges
                0x0000000000000608       0x20 c:/altera/16.0/nios2eds/bin/gnu/h-x86_64-mingw32/bin/../lib/gcc/nios2-elf/5.2.0/../../../../../H-x86_64-mingw32/nios2-elf/lib/mhw-mulx\libc.a(lib_a-exit.o)
 .debug_aranges
                0x0000000000000628       0x18 c:/altera/16.0/nios2eds/bin/gnu/h-x86_64-mingw32/bin/../lib/gcc/nios2-elf/5.2.0/../../../../../H-x86_64-mingw32/nios2-elf/lib/mhw-mulx\libc.a(lib_a-impure.o)
 .debug_aranges
                0x0000000000000640       0x18 c:/altera/16.0/nios2eds/bin/gnu/h-x86_64-mingw32/bin/../lib/gcc/nios2-elf/5.2.0/../../../../../H-x86_64-mingw32/nios2-elf/lib/mhw-mulx\libc.a(lib_a-int_errno.o)
 .debug_aranges
                0x0000000000000658       0x20 c:/altera/16.0/nios2eds/bin/gnu/h-x86_64-mingw32/bin/../lib/gcc/nios2-elf/5.2.0/../../../../../H-x86_64-mingw32/nios2-elf/lib/mhw-mulx\libc.a(lib_a-memcmp.o)
 .debug_aranges
                0x0000000000000678       0x20 c:/altera/16.0/nios2eds/bin/gnu/h-x86_64-mingw32/bin/../lib/gcc/nios2-elf/5.2.0/../../../../../H-x86_64-mingw32/nios2-elf/lib/mhw-mulx\libc.a(lib_a-strlen.o)
 .debug_aranges
                0x0000000000000698       0x20 c:/altera/16.0/nios2eds/bin/gnu/h-x86_64-mingw32/bin/../lib/gcc/nios2-elf/5.2.0/../../../../../H-x86_64-mingw32/nios2-elf/lib/mhw-mulx\libc.a(lib_a-__atexit.o)
 .debug_aranges
                0x00000000000006b8       0x20 c:/altera/16.0/nios2eds/bin/gnu/h-x86_64-mingw32/bin/../lib/gcc/nios2-elf/5.2.0/../../../../../H-x86_64-mingw32/nios2-elf/lib/mhw-mulx\libc.a(lib_a-__call_atexit.o)
 .debug_aranges
                0x00000000000006d8       0x20 ../InterruptsNIOS_bsp/\libhal_bsp.a(alt_exit.o)

.debug_pubnames
 *(.debug_pubnames)

.debug_info     0x0000000000000000     0x9a64
 *(.debug_info .gnu.linkonce.wi.*)
 .debug_info    0x0000000000000000       0x69 ../InterruptsNIOS_bsp//obj/HAL/src/crt0.o
 .debug_info    0x0000000000000069       0xec obj/default/HexDisplay.o
 .debug_info    0x0000000000000155       0xf1 obj/default/InterruptDemo.o
 .debug_info    0x0000000000000246      0x180 obj/default/buttonISR.o
 .debug_info    0x00000000000003c6       0xe1 obj/default/lcd.o
 .debug_info    0x00000000000004a7      0x14b obj/default/seven_seg_bcd.o
 .debug_info    0x00000000000005f2      0x143 obj/default/seven_seg_hex.o
 .debug_info    0x0000000000000735       0xbb obj/default/timerISR.o
 .debug_info    0x00000000000007f0      0x144 c:/altera/16.0/nios2eds/bin/gnu/h-x86_64-mingw32/bin/../lib/gcc/nios2-elf/5.2.0/../../../../../H-x86_64-mingw32/nios2-elf/lib/mhw-mulx\libc.a(lib_a-memcpy.o)
 .debug_info    0x0000000000000934      0x329 ../InterruptsNIOS_bsp/\libhal_bsp.a(alt_irq_register.o)
 .debug_info    0x0000000000000c5d       0x88 ../InterruptsNIOS_bsp/\libhal_bsp.a(alt_irq_vars.o)
 .debug_info    0x0000000000000ce5      0x145 ../InterruptsNIOS_bsp/\libhal_bsp.a(alt_load.o)
 .debug_info    0x0000000000000e2a      0x157 ../InterruptsNIOS_bsp/\libhal_bsp.a(alt_main.o)
 .debug_info    0x0000000000000f81      0x959 ../InterruptsNIOS_bsp/\libhal_bsp.a(alt_sys_init.o)
 .debug_info    0x00000000000018da      0x52e ../InterruptsNIOS_bsp/\libhal_bsp.a(altera_avalon_jtag_uart_fd.o)
 .debug_info    0x0000000000001e08      0x3c3 ../InterruptsNIOS_bsp/\libhal_bsp.a(altera_avalon_jtag_uart_init.o)
 .debug_info    0x00000000000021cb      0x280 ../InterruptsNIOS_bsp/\libhal_bsp.a(altera_avalon_jtag_uart_ioctl.o)
 .debug_info    0x000000000000244b      0x35b ../InterruptsNIOS_bsp/\libhal_bsp.a(altera_avalon_jtag_uart_read.o)
 .debug_info    0x00000000000027a6      0x356 ../InterruptsNIOS_bsp/\libhal_bsp.a(altera_avalon_jtag_uart_write.o)
 .debug_info    0x0000000000002afc      0x249 ../InterruptsNIOS_bsp/\libhal_bsp.a(altera_avalon_timer_sc.o)
 .debug_info    0x0000000000002d45      0x601 ../InterruptsNIOS_bsp/\libhal_bsp.a(altera_up_avalon_character_lcd.o)
 .debug_info    0x0000000000003346      0x568 ../InterruptsNIOS_bsp/\libhal_bsp.a(altera_up_avalon_irda.o)
 .debug_info    0x00000000000038ae      0x7d4 ../InterruptsNIOS_bsp/\libhal_bsp.a(altera_up_avalon_ps2.o)
 .debug_info    0x0000000000004082      0x568 ../InterruptsNIOS_bsp/\libhal_bsp.a(altera_up_avalon_rs232.o)
 .debug_info    0x00000000000045ea      0x2e2 ../InterruptsNIOS_bsp/\libhal_bsp.a(alt_alarm_start.o)
 .debug_info    0x00000000000048cc      0x321 ../InterruptsNIOS_bsp/\libhal_bsp.a(alt_close.o)
 .debug_info    0x0000000000004bed       0x92 ../InterruptsNIOS_bsp/\libhal_bsp.a(alt_dcache_flush_all.o)
 .debug_info    0x0000000000004c7f      0x49c ../InterruptsNIOS_bsp/\libhal_bsp.a(alt_dev.o)
 .debug_info    0x000000000000511b      0x1a9 ../InterruptsNIOS_bsp/\libhal_bsp.a(alt_dev_llist_insert.o)
 .debug_info    0x00000000000052c4       0x83 ../InterruptsNIOS_bsp/\libhal_bsp.a(alt_do_ctors.o)
 .debug_info    0x0000000000005347       0x83 ../InterruptsNIOS_bsp/\libhal_bsp.a(alt_do_dtors.o)
 .debug_info    0x00000000000053ca       0xa6 ../InterruptsNIOS_bsp/\libhal_bsp.a(alt_errno.o)
 .debug_info    0x0000000000005470      0x2e9 ../InterruptsNIOS_bsp/\libhal_bsp.a(alt_find_dev.o)
 .debug_info    0x0000000000005759       0x92 ../InterruptsNIOS_bsp/\libhal_bsp.a(alt_icache_flush_all.o)
 .debug_info    0x00000000000057eb      0x4a5 ../InterruptsNIOS_bsp/\libhal_bsp.a(alt_io_redirect.o)
 .debug_info    0x0000000000005c90       0x72 ../InterruptsNIOS_bsp/\libhal_bsp.a(alt_irq_entry.o)
 .debug_info    0x0000000000005d02      0x1a7 ../InterruptsNIOS_bsp/\libhal_bsp.a(alt_irq_handler.o)
 .debug_info    0x0000000000005ea9      0x3bb ../InterruptsNIOS_bsp/\libhal_bsp.a(alt_open.o)
 .debug_info    0x0000000000006264      0x2b0 ../InterruptsNIOS_bsp/\libhal_bsp.a(alt_release_fd.o)
 .debug_info    0x0000000000006514      0x2af ../InterruptsNIOS_bsp/\libhal_bsp.a(alt_tick.o)
 .debug_info    0x00000000000067c3       0xb8 ../InterruptsNIOS_bsp/\libhal_bsp.a(altera_nios2_gen2_irq.o)
 .debug_info    0x000000000000687b       0x78 ../InterruptsNIOS_bsp/\libhal_bsp.a(alt_exception_entry.o)
 .debug_info    0x00000000000068f3      0x2e6 ../InterruptsNIOS_bsp/\libhal_bsp.a(alt_find_file.o)
 .debug_info    0x0000000000006bd9      0x310 ../InterruptsNIOS_bsp/\libhal_bsp.a(alt_get_fd.o)
 .debug_info    0x0000000000006ee9       0xdc ../InterruptsNIOS_bsp/\libhal_bsp.a(alt_icache_flush.o)
 .debug_info    0x0000000000006fc5      0x1e7 ../InterruptsNIOS_bsp/\libhal_bsp.a(alt_instruction_exception_entry.o)
 .debug_info    0x00000000000071ac       0xfe c:/altera/16.0/nios2eds/bin/gnu/h-x86_64-mingw32/bin/../lib/gcc/nios2-elf/5.2.0/../../../../../H-x86_64-mingw32/nios2-elf/lib/mhw-mulx\libc.a(lib_a-atexit.o)
 .debug_info    0x00000000000072aa      0x8e4 c:/altera/16.0/nios2eds/bin/gnu/h-x86_64-mingw32/bin/../lib/gcc/nios2-elf/5.2.0/../../../../../H-x86_64-mingw32/nios2-elf/lib/mhw-mulx\libc.a(lib_a-exit.o)
 .debug_info    0x0000000000007b8e      0x8a1 c:/altera/16.0/nios2eds/bin/gnu/h-x86_64-mingw32/bin/../lib/gcc/nios2-elf/5.2.0/../../../../../H-x86_64-mingw32/nios2-elf/lib/mhw-mulx\libc.a(lib_a-impure.o)
 .debug_info    0x000000000000842f       0x8a c:/altera/16.0/nios2eds/bin/gnu/h-x86_64-mingw32/bin/../lib/gcc/nios2-elf/5.2.0/../../../../../H-x86_64-mingw32/nios2-elf/lib/mhw-mulx\libc.a(lib_a-int_errno.o)
 .debug_info    0x00000000000084b9      0x11a c:/altera/16.0/nios2eds/bin/gnu/h-x86_64-mingw32/bin/../lib/gcc/nios2-elf/5.2.0/../../../../../H-x86_64-mingw32/nios2-elf/lib/mhw-mulx\libc.a(lib_a-memcmp.o)
 .debug_info    0x00000000000085d3       0xe2 c:/altera/16.0/nios2eds/bin/gnu/h-x86_64-mingw32/bin/../lib/gcc/nios2-elf/5.2.0/../../../../../H-x86_64-mingw32/nios2-elf/lib/mhw-mulx\libc.a(lib_a-strlen.o)
 .debug_info    0x00000000000086b5      0x934 c:/altera/16.0/nios2eds/bin/gnu/h-x86_64-mingw32/bin/../lib/gcc/nios2-elf/5.2.0/../../../../../H-x86_64-mingw32/nios2-elf/lib/mhw-mulx\libc.a(lib_a-__atexit.o)
 .debug_info    0x0000000000008fe9      0x965 c:/altera/16.0/nios2eds/bin/gnu/h-x86_64-mingw32/bin/../lib/gcc/nios2-elf/5.2.0/../../../../../H-x86_64-mingw32/nios2-elf/lib/mhw-mulx\libc.a(lib_a-__call_atexit.o)
 .debug_info    0x000000000000994e      0x116 ../InterruptsNIOS_bsp/\libhal_bsp.a(alt_exit.o)

.debug_abbrev   0x0000000000000000     0x332f
 *(.debug_abbrev)
 .debug_abbrev  0x0000000000000000       0x12 ../InterruptsNIOS_bsp//obj/HAL/src/crt0.o
 .debug_abbrev  0x0000000000000012       0x99 obj/default/HexDisplay.o
 .debug_abbrev  0x00000000000000ab       0x83 obj/default/InterruptDemo.o
 .debug_abbrev  0x000000000000012e       0xcb obj/default/buttonISR.o
 .debug_abbrev  0x00000000000001f9       0x99 obj/default/lcd.o
 .debug_abbrev  0x0000000000000292       0xaf obj/default/seven_seg_bcd.o
 .debug_abbrev  0x0000000000000341       0xa8 obj/default/seven_seg_hex.o
 .debug_abbrev  0x00000000000003e9       0x83 obj/default/timerISR.o
 .debug_abbrev  0x000000000000046c       0xa3 c:/altera/16.0/nios2eds/bin/gnu/h-x86_64-mingw32/bin/../lib/gcc/nios2-elf/5.2.0/../../../../../H-x86_64-mingw32/nios2-elf/lib/mhw-mulx\libc.a(lib_a-memcpy.o)
 .debug_abbrev  0x000000000000050f      0x186 ../InterruptsNIOS_bsp/\libhal_bsp.a(alt_irq_register.o)
 .debug_abbrev  0x0000000000000695       0x40 ../InterruptsNIOS_bsp/\libhal_bsp.a(alt_irq_vars.o)
 .debug_abbrev  0x00000000000006d5       0x9f ../InterruptsNIOS_bsp/\libhal_bsp.a(alt_load.o)
 .debug_abbrev  0x0000000000000774       0xc1 ../InterruptsNIOS_bsp/\libhal_bsp.a(alt_main.o)
 .debug_abbrev  0x0000000000000835      0x19f ../InterruptsNIOS_bsp/\libhal_bsp.a(alt_sys_init.o)
 .debug_abbrev  0x00000000000009d4      0x127 ../InterruptsNIOS_bsp/\libhal_bsp.a(altera_avalon_jtag_uart_fd.o)
 .debug_abbrev  0x0000000000000afb      0x19e ../InterruptsNIOS_bsp/\libhal_bsp.a(altera_avalon_jtag_uart_init.o)
 .debug_abbrev  0x0000000000000c99      0x111 ../InterruptsNIOS_bsp/\libhal_bsp.a(altera_avalon_jtag_uart_ioctl.o)
 .debug_abbrev  0x0000000000000daa      0x1aa ../InterruptsNIOS_bsp/\libhal_bsp.a(altera_avalon_jtag_uart_read.o)
 .debug_abbrev  0x0000000000000f54      0x1a8 ../InterruptsNIOS_bsp/\libhal_bsp.a(altera_avalon_jtag_uart_write.o)
 .debug_abbrev  0x00000000000010fc      0x155 ../InterruptsNIOS_bsp/\libhal_bsp.a(altera_avalon_timer_sc.o)
 .debug_abbrev  0x0000000000001251      0x156 ../InterruptsNIOS_bsp/\libhal_bsp.a(altera_up_avalon_character_lcd.o)
 .debug_abbrev  0x00000000000013a7      0x135 ../InterruptsNIOS_bsp/\libhal_bsp.a(altera_up_avalon_irda.o)
 .debug_abbrev  0x00000000000014dc      0x1a1 ../InterruptsNIOS_bsp/\libhal_bsp.a(altera_up_avalon_ps2.o)
 .debug_abbrev  0x000000000000167d      0x135 ../InterruptsNIOS_bsp/\libhal_bsp.a(altera_up_avalon_rs232.o)
 .debug_abbrev  0x00000000000017b2      0x162 ../InterruptsNIOS_bsp/\libhal_bsp.a(alt_alarm_start.o)
 .debug_abbrev  0x0000000000001914      0x11f ../InterruptsNIOS_bsp/\libhal_bsp.a(alt_close.o)
 .debug_abbrev  0x0000000000001a33       0x42 ../InterruptsNIOS_bsp/\libhal_bsp.a(alt_dcache_flush_all.o)
 .debug_abbrev  0x0000000000001a75       0xd9 ../InterruptsNIOS_bsp/\libhal_bsp.a(alt_dev.o)
 .debug_abbrev  0x0000000000001b4e      0x114 ../InterruptsNIOS_bsp/\libhal_bsp.a(alt_dev_llist_insert.o)
 .debug_abbrev  0x0000000000001c62       0x79 ../InterruptsNIOS_bsp/\libhal_bsp.a(alt_do_ctors.o)
 .debug_abbrev  0x0000000000001cdb       0x79 ../InterruptsNIOS_bsp/\libhal_bsp.a(alt_do_dtors.o)
 .debug_abbrev  0x0000000000001d54       0x5a ../InterruptsNIOS_bsp/\libhal_bsp.a(alt_errno.o)
 .debug_abbrev  0x0000000000001dae       0xf0 ../InterruptsNIOS_bsp/\libhal_bsp.a(alt_find_dev.o)
 .debug_abbrev  0x0000000000001e9e       0x42 ../InterruptsNIOS_bsp/\libhal_bsp.a(alt_icache_flush_all.o)
 .debug_abbrev  0x0000000000001ee0      0x114 ../InterruptsNIOS_bsp/\libhal_bsp.a(alt_io_redirect.o)
 .debug_abbrev  0x0000000000001ff4       0x12 ../InterruptsNIOS_bsp/\libhal_bsp.a(alt_irq_entry.o)
 .debug_abbrev  0x0000000000002006      0x13a ../InterruptsNIOS_bsp/\libhal_bsp.a(alt_irq_handler.o)
 .debug_abbrev  0x0000000000002140      0x148 ../InterruptsNIOS_bsp/\libhal_bsp.a(alt_open.o)
 .debug_abbrev  0x0000000000002288       0xde ../InterruptsNIOS_bsp/\libhal_bsp.a(alt_release_fd.o)
 .debug_abbrev  0x0000000000002366      0x16b ../InterruptsNIOS_bsp/\libhal_bsp.a(alt_tick.o)
 .debug_abbrev  0x00000000000024d1       0x67 ../InterruptsNIOS_bsp/\libhal_bsp.a(altera_nios2_gen2_irq.o)
 .debug_abbrev  0x0000000000002538       0x12 ../InterruptsNIOS_bsp/\libhal_bsp.a(alt_exception_entry.o)
 .debug_abbrev  0x000000000000254a       0xf0 ../InterruptsNIOS_bsp/\libhal_bsp.a(alt_find_file.o)
 .debug_abbrev  0x000000000000263a      0x10d ../InterruptsNIOS_bsp/\libhal_bsp.a(alt_get_fd.o)
 .debug_abbrev  0x0000000000002747       0x8c ../InterruptsNIOS_bsp/\libhal_bsp.a(alt_icache_flush.o)
 .debug_abbrev  0x00000000000027d3       0xdc ../InterruptsNIOS_bsp/\libhal_bsp.a(alt_instruction_exception_entry.o)
 .debug_abbrev  0x00000000000028af       0xaa c:/altera/16.0/nios2eds/bin/gnu/h-x86_64-mingw32/bin/../lib/gcc/nios2-elf/5.2.0/../../../../../H-x86_64-mingw32/nios2-elf/lib/mhw-mulx\libc.a(lib_a-atexit.o)
 .debug_abbrev  0x0000000000002959      0x1e5 c:/altera/16.0/nios2eds/bin/gnu/h-x86_64-mingw32/bin/../lib/gcc/nios2-elf/5.2.0/../../../../../H-x86_64-mingw32/nios2-elf/lib/mhw-mulx\libc.a(lib_a-exit.o)
 .debug_abbrev  0x0000000000002b3e      0x18f c:/altera/16.0/nios2eds/bin/gnu/h-x86_64-mingw32/bin/../lib/gcc/nios2-elf/5.2.0/../../../../../H-x86_64-mingw32/nios2-elf/lib/mhw-mulx\libc.a(lib_a-impure.o)
 .debug_abbrev  0x0000000000002ccd       0x37 c:/altera/16.0/nios2eds/bin/gnu/h-x86_64-mingw32/bin/../lib/gcc/nios2-elf/5.2.0/../../../../../H-x86_64-mingw32/nios2-elf/lib/mhw-mulx\libc.a(lib_a-int_errno.o)
 .debug_abbrev  0x0000000000002d04       0x7f c:/altera/16.0/nios2eds/bin/gnu/h-x86_64-mingw32/bin/../lib/gcc/nios2-elf/5.2.0/../../../../../H-x86_64-mingw32/nios2-elf/lib/mhw-mulx\libc.a(lib_a-memcmp.o)
 .debug_abbrev  0x0000000000002d83       0x90 c:/altera/16.0/nios2eds/bin/gnu/h-x86_64-mingw32/bin/../lib/gcc/nios2-elf/5.2.0/../../../../../H-x86_64-mingw32/nios2-elf/lib/mhw-mulx\libc.a(lib_a-strlen.o)
 .debug_abbrev  0x0000000000002e13      0x21e c:/altera/16.0/nios2eds/bin/gnu/h-x86_64-mingw32/bin/../lib/gcc/nios2-elf/5.2.0/../../../../../H-x86_64-mingw32/nios2-elf/lib/mhw-mulx\libc.a(lib_a-__atexit.o)
 .debug_abbrev  0x0000000000003031      0x22e c:/altera/16.0/nios2eds/bin/gnu/h-x86_64-mingw32/bin/../lib/gcc/nios2-elf/5.2.0/../../../../../H-x86_64-mingw32/nios2-elf/lib/mhw-mulx\libc.a(lib_a-__call_atexit.o)
 .debug_abbrev  0x000000000000325f       0xd0 ../InterruptsNIOS_bsp/\libhal_bsp.a(alt_exit.o)

.debug_line     0x0000000000000000     0x36b6
 *(.debug_line)
 .debug_line    0x0000000000000000       0x6c ../InterruptsNIOS_bsp//obj/HAL/src/crt0.o
 .debug_line    0x000000000000006c       0x78 obj/default/HexDisplay.o
 .debug_line    0x00000000000000e4       0xb3 obj/default/InterruptDemo.o
 .debug_line    0x0000000000000197       0x8d obj/default/buttonISR.o
 .debug_line    0x0000000000000224       0x52 obj/default/lcd.o
 .debug_line    0x0000000000000276      0x128 obj/default/seven_seg_bcd.o
 .debug_line    0x000000000000039e       0x9f obj/default/seven_seg_hex.o
 .debug_line    0x000000000000043d       0x71 obj/default/timerISR.o
 .debug_line    0x00000000000004ae      0x18c c:/altera/16.0/nios2eds/bin/gnu/h-x86_64-mingw32/bin/../lib/gcc/nios2-elf/5.2.0/../../../../../H-x86_64-mingw32/nios2-elf/lib/mhw-mulx\libc.a(lib_a-memcpy.o)
 .debug_line    0x000000000000063a      0x159 ../InterruptsNIOS_bsp/\libhal_bsp.a(alt_irq_register.o)
 .debug_line    0x0000000000000793       0x50 ../InterruptsNIOS_bsp/\libhal_bsp.a(alt_irq_vars.o)
 .debug_line    0x00000000000007e3       0x8e ../InterruptsNIOS_bsp/\libhal_bsp.a(alt_load.o)
 .debug_line    0x0000000000000871       0xd1 ../InterruptsNIOS_bsp/\libhal_bsp.a(alt_main.o)
 .debug_line    0x0000000000000942      0x2f2 ../InterruptsNIOS_bsp/\libhal_bsp.a(alt_sys_init.o)
 .debug_line    0x0000000000000c34      0x12f ../InterruptsNIOS_bsp/\libhal_bsp.a(altera_avalon_jtag_uart_fd.o)
 .debug_line    0x0000000000000d63      0x19f ../InterruptsNIOS_bsp/\libhal_bsp.a(altera_avalon_jtag_uart_init.o)
 .debug_line    0x0000000000000f02      0x131 ../InterruptsNIOS_bsp/\libhal_bsp.a(altera_avalon_jtag_uart_ioctl.o)
 .debug_line    0x0000000000001033      0x185 ../InterruptsNIOS_bsp/\libhal_bsp.a(altera_avalon_jtag_uart_read.o)
 .debug_line    0x00000000000011b8      0x184 ../InterruptsNIOS_bsp/\libhal_bsp.a(altera_avalon_jtag_uart_write.o)
 .debug_line    0x000000000000133c      0x113 ../InterruptsNIOS_bsp/\libhal_bsp.a(altera_avalon_timer_sc.o)
 .debug_line    0x000000000000144f      0x1c4 ../InterruptsNIOS_bsp/\libhal_bsp.a(altera_up_avalon_character_lcd.o)
 .debug_line    0x0000000000001613      0x13d ../InterruptsNIOS_bsp/\libhal_bsp.a(altera_up_avalon_irda.o)
 .debug_line    0x0000000000001750      0x1a6 ../InterruptsNIOS_bsp/\libhal_bsp.a(altera_up_avalon_ps2.o)
 .debug_line    0x00000000000018f6      0x13f ../InterruptsNIOS_bsp/\libhal_bsp.a(altera_up_avalon_rs232.o)
 .debug_line    0x0000000000001a35      0x10e ../InterruptsNIOS_bsp/\libhal_bsp.a(alt_alarm_start.o)
 .debug_line    0x0000000000001b43      0x15e ../InterruptsNIOS_bsp/\libhal_bsp.a(alt_close.o)
 .debug_line    0x0000000000001ca1       0x51 ../InterruptsNIOS_bsp/\libhal_bsp.a(alt_dcache_flush_all.o)
 .debug_line    0x0000000000001cf2       0xf0 ../InterruptsNIOS_bsp/\libhal_bsp.a(alt_dev.o)
 .debug_line    0x0000000000001de2       0xd0 ../InterruptsNIOS_bsp/\libhal_bsp.a(alt_dev_llist_insert.o)
 .debug_line    0x0000000000001eb2       0x59 ../InterruptsNIOS_bsp/\libhal_bsp.a(alt_do_ctors.o)
 .debug_line    0x0000000000001f0b       0x59 ../InterruptsNIOS_bsp/\libhal_bsp.a(alt_do_dtors.o)
 .debug_line    0x0000000000001f64       0x51 ../InterruptsNIOS_bsp/\libhal_bsp.a(alt_errno.o)
 .debug_line    0x0000000000001fb5       0xb5 ../InterruptsNIOS_bsp/\libhal_bsp.a(alt_find_dev.o)
 .debug_line    0x000000000000206a       0x50 ../InterruptsNIOS_bsp/\libhal_bsp.a(alt_icache_flush_all.o)
 .debug_line    0x00000000000020ba      0x12b ../InterruptsNIOS_bsp/\libhal_bsp.a(alt_io_redirect.o)
 .debug_line    0x00000000000021e5       0x6b ../InterruptsNIOS_bsp/\libhal_bsp.a(alt_irq_entry.o)
 .debug_line    0x0000000000002250       0xcd ../InterruptsNIOS_bsp/\libhal_bsp.a(alt_irq_handler.o)
 .debug_line    0x000000000000231d      0x12a ../InterruptsNIOS_bsp/\libhal_bsp.a(alt_open.o)
 .debug_line    0x0000000000002447       0xae ../InterruptsNIOS_bsp/\libhal_bsp.a(alt_release_fd.o)
 .debug_line    0x00000000000024f5      0x113 ../InterruptsNIOS_bsp/\libhal_bsp.a(alt_tick.o)
 .debug_line    0x0000000000002608       0x8d ../InterruptsNIOS_bsp/\libhal_bsp.a(altera_nios2_gen2_irq.o)
 .debug_line    0x0000000000002695       0xb3 ../InterruptsNIOS_bsp/\libhal_bsp.a(alt_exception_entry.o)
 .debug_line    0x0000000000002748       0xd1 ../InterruptsNIOS_bsp/\libhal_bsp.a(alt_find_file.o)
 .debug_line    0x0000000000002819       0xd5 ../InterruptsNIOS_bsp/\libhal_bsp.a(alt_get_fd.o)
 .debug_line    0x00000000000028ee       0x81 ../InterruptsNIOS_bsp/\libhal_bsp.a(alt_icache_flush.o)
 .debug_line    0x000000000000296f       0xba ../InterruptsNIOS_bsp/\libhal_bsp.a(alt_instruction_exception_entry.o)
 .debug_line    0x0000000000002a29       0xe7 c:/altera/16.0/nios2eds/bin/gnu/h-x86_64-mingw32/bin/../lib/gcc/nios2-elf/5.2.0/../../../../../H-x86_64-mingw32/nios2-elf/lib/mhw-mulx\libc.a(lib_a-atexit.o)
 .debug_line    0x0000000000002b10      0x1fc c:/altera/16.0/nios2eds/bin/gnu/h-x86_64-mingw32/bin/../lib/gcc/nios2-elf/5.2.0/../../../../../H-x86_64-mingw32/nios2-elf/lib/mhw-mulx\libc.a(lib_a-exit.o)
 .debug_line    0x0000000000002d0c      0x160 c:/altera/16.0/nios2eds/bin/gnu/h-x86_64-mingw32/bin/../lib/gcc/nios2-elf/5.2.0/../../../../../H-x86_64-mingw32/nios2-elf/lib/mhw-mulx\libc.a(lib_a-impure.o)
 .debug_line    0x0000000000002e6c       0x5f c:/altera/16.0/nios2eds/bin/gnu/h-x86_64-mingw32/bin/../lib/gcc/nios2-elf/5.2.0/../../../../../H-x86_64-mingw32/nios2-elf/lib/mhw-mulx\libc.a(lib_a-int_errno.o)
 .debug_line    0x0000000000002ecb      0x176 c:/altera/16.0/nios2eds/bin/gnu/h-x86_64-mingw32/bin/../lib/gcc/nios2-elf/5.2.0/../../../../../H-x86_64-mingw32/nios2-elf/lib/mhw-mulx\libc.a(lib_a-memcmp.o)
 .debug_line    0x0000000000003041      0x16f c:/altera/16.0/nios2eds/bin/gnu/h-x86_64-mingw32/bin/../lib/gcc/nios2-elf/5.2.0/../../../../../H-x86_64-mingw32/nios2-elf/lib/mhw-mulx\libc.a(lib_a-strlen.o)
 .debug_line    0x00000000000031b0      0x21f c:/altera/16.0/nios2eds/bin/gnu/h-x86_64-mingw32/bin/../lib/gcc/nios2-elf/5.2.0/../../../../../H-x86_64-mingw32/nios2-elf/lib/mhw-mulx\libc.a(lib_a-__atexit.o)
 .debug_line    0x00000000000033cf      0x23a c:/altera/16.0/nios2eds/bin/gnu/h-x86_64-mingw32/bin/../lib/gcc/nios2-elf/5.2.0/../../../../../H-x86_64-mingw32/nios2-elf/lib/mhw-mulx\libc.a(lib_a-__call_atexit.o)
 .debug_line    0x0000000000003609       0xad ../InterruptsNIOS_bsp/\libhal_bsp.a(alt_exit.o)

.debug_frame    0x0000000000000000     0x13e0
 *(.debug_frame)
 .debug_frame   0x0000000000000000       0x5c obj/default/HexDisplay.o
 .debug_frame   0x000000000000005c       0x2c obj/default/InterruptDemo.o
 .debug_frame   0x0000000000000088       0x38 obj/default/buttonISR.o
 .debug_frame   0x00000000000000c0       0x7c obj/default/lcd.o
 .debug_frame   0x000000000000013c       0x34 obj/default/seven_seg_bcd.o
 .debug_frame   0x0000000000000170       0x38 obj/default/seven_seg_hex.o
 .debug_frame   0x00000000000001a8       0x38 obj/default/timerISR.o
 .debug_frame   0x00000000000001e0       0x38 c:/altera/16.0/nios2eds/bin/gnu/h-x86_64-mingw32/bin/../lib/gcc/nios2-elf/5.2.0/../../../../../H-x86_64-mingw32/nios2-elf/lib/mhw-mulx\libc.a(lib_a-memcpy.o)
 .debug_frame   0x0000000000000218       0x34 ../InterruptsNIOS_bsp/\libhal_bsp.a(alt_irq_register.o)
 .debug_frame   0x000000000000024c       0x5c ../InterruptsNIOS_bsp/\libhal_bsp.a(alt_load.o)
 .debug_frame   0x00000000000002a8       0x2c ../InterruptsNIOS_bsp/\libhal_bsp.a(alt_main.o)
 .debug_frame   0x00000000000002d4       0x88 ../InterruptsNIOS_bsp/\libhal_bsp.a(alt_sys_init.o)
 .debug_frame   0x000000000000035c       0xb0 ../InterruptsNIOS_bsp/\libhal_bsp.a(altera_avalon_jtag_uart_fd.o)
 .debug_frame   0x000000000000040c       0xa4 ../InterruptsNIOS_bsp/\libhal_bsp.a(altera_avalon_jtag_uart_init.o)
 .debug_frame   0x00000000000004b0       0x34 ../InterruptsNIOS_bsp/\libhal_bsp.a(altera_avalon_jtag_uart_ioctl.o)
 .debug_frame   0x00000000000004e4       0x38 ../InterruptsNIOS_bsp/\libhal_bsp.a(altera_avalon_jtag_uart_read.o)
 .debug_frame   0x000000000000051c       0x38 ../InterruptsNIOS_bsp/\libhal_bsp.a(altera_avalon_jtag_uart_write.o)
 .debug_frame   0x0000000000000554       0x60 ../InterruptsNIOS_bsp/\libhal_bsp.a(altera_avalon_timer_sc.o)
 .debug_frame   0x00000000000005b4      0x204 ../InterruptsNIOS_bsp/\libhal_bsp.a(altera_up_avalon_character_lcd.o)
 .debug_frame   0x00000000000007b8      0x188 ../InterruptsNIOS_bsp/\libhal_bsp.a(altera_up_avalon_irda.o)
 .debug_frame   0x0000000000000940      0x2c0 ../InterruptsNIOS_bsp/\libhal_bsp.a(altera_up_avalon_ps2.o)
 .debug_frame   0x0000000000000c00      0x188 ../InterruptsNIOS_bsp/\libhal_bsp.a(altera_up_avalon_rs232.o)
 .debug_frame   0x0000000000000d88       0x34 ../InterruptsNIOS_bsp/\libhal_bsp.a(alt_alarm_start.o)
 .debug_frame   0x0000000000000dbc       0x60 ../InterruptsNIOS_bsp/\libhal_bsp.a(alt_close.o)
 .debug_frame   0x0000000000000e1c       0x34 ../InterruptsNIOS_bsp/\libhal_bsp.a(alt_dcache_flush_all.o)
 .debug_frame   0x0000000000000e50       0x34 ../InterruptsNIOS_bsp/\libhal_bsp.a(alt_dev.o)
 .debug_frame   0x0000000000000e84       0x60 ../InterruptsNIOS_bsp/\libhal_bsp.a(alt_dev_llist_insert.o)
 .debug_frame   0x0000000000000ee4       0x38 ../InterruptsNIOS_bsp/\libhal_bsp.a(alt_do_ctors.o)
 .debug_frame   0x0000000000000f1c       0x38 ../InterruptsNIOS_bsp/\libhal_bsp.a(alt_do_dtors.o)
 .debug_frame   0x0000000000000f54       0x38 ../InterruptsNIOS_bsp/\libhal_bsp.a(alt_find_dev.o)
 .debug_frame   0x0000000000000f8c       0x38 ../InterruptsNIOS_bsp/\libhal_bsp.a(alt_icache_flush_all.o)
 .debug_frame   0x0000000000000fc4       0x60 ../InterruptsNIOS_bsp/\libhal_bsp.a(alt_io_redirect.o)
 .debug_frame   0x0000000000001024       0x38 ../InterruptsNIOS_bsp/\libhal_bsp.a(alt_irq_handler.o)
 .debug_frame   0x000000000000105c       0x84 ../InterruptsNIOS_bsp/\libhal_bsp.a(alt_open.o)
 .debug_frame   0x00000000000010e0       0x34 ../InterruptsNIOS_bsp/\libhal_bsp.a(alt_release_fd.o)
 .debug_frame   0x0000000000001114       0x5c ../InterruptsNIOS_bsp/\libhal_bsp.a(alt_tick.o)
 .debug_frame   0x0000000000001170       0x34 ../InterruptsNIOS_bsp/\libhal_bsp.a(altera_nios2_gen2_irq.o)
 .debug_frame   0x00000000000011a4       0x38 ../InterruptsNIOS_bsp/\libhal_bsp.a(alt_find_file.o)
 .debug_frame   0x00000000000011dc       0x34 ../InterruptsNIOS_bsp/\libhal_bsp.a(alt_get_fd.o)
 .debug_frame   0x0000000000001210       0x34 ../InterruptsNIOS_bsp/\libhal_bsp.a(alt_icache_flush.o)
 .debug_frame   0x0000000000001244       0x5c ../InterruptsNIOS_bsp/\libhal_bsp.a(alt_instruction_exception_entry.o)
 .debug_frame   0x00000000000012a0       0x20 c:/altera/16.0/nios2eds/bin/gnu/h-x86_64-mingw32/bin/../lib/gcc/nios2-elf/5.2.0/../../../../../H-x86_64-mingw32/nios2-elf/lib/mhw-mulx\libc.a(lib_a-atexit.o)
 .debug_frame   0x00000000000012c0       0x28 c:/altera/16.0/nios2eds/bin/gnu/h-x86_64-mingw32/bin/../lib/gcc/nios2-elf/5.2.0/../../../../../H-x86_64-mingw32/nios2-elf/lib/mhw-mulx\libc.a(lib_a-exit.o)
 .debug_frame   0x00000000000012e8       0x20 c:/altera/16.0/nios2eds/bin/gnu/h-x86_64-mingw32/bin/../lib/gcc/nios2-elf/5.2.0/../../../../../H-x86_64-mingw32/nios2-elf/lib/mhw-mulx\libc.a(lib_a-memcmp.o)
 .debug_frame   0x0000000000001308       0x20 c:/altera/16.0/nios2eds/bin/gnu/h-x86_64-mingw32/bin/../lib/gcc/nios2-elf/5.2.0/../../../../../H-x86_64-mingw32/nios2-elf/lib/mhw-mulx\libc.a(lib_a-strlen.o)
 .debug_frame   0x0000000000001328       0x38 c:/altera/16.0/nios2eds/bin/gnu/h-x86_64-mingw32/bin/../lib/gcc/nios2-elf/5.2.0/../../../../../H-x86_64-mingw32/nios2-elf/lib/mhw-mulx\libc.a(lib_a-__atexit.o)
 .debug_frame   0x0000000000001360       0x54 c:/altera/16.0/nios2eds/bin/gnu/h-x86_64-mingw32/bin/../lib/gcc/nios2-elf/5.2.0/../../../../../H-x86_64-mingw32/nios2-elf/lib/mhw-mulx\libc.a(lib_a-__call_atexit.o)
 .debug_frame   0x00000000000013b4       0x2c ../InterruptsNIOS_bsp/\libhal_bsp.a(alt_exit.o)

.debug_str      0x0000000000000000     0x2581
 *(.debug_str)
 .debug_str     0x0000000000000000      0x122 obj/default/HexDisplay.o
                                        0x14e (size before relaxing)
 .debug_str     0x0000000000000122       0x4d obj/default/InterruptDemo.o
                                        0x169 (size before relaxing)
 .debug_str     0x000000000000016f       0x43 obj/default/buttonISR.o
                                        0x169 (size before relaxing)
 .debug_str     0x00000000000001b2       0x34 obj/default/lcd.o
                                         0xcc (size before relaxing)
 .debug_str     0x00000000000001e6       0x41 obj/default/seven_seg_bcd.o
                                        0x164 (size before relaxing)
 .debug_str     0x0000000000000227       0x2d obj/default/seven_seg_hex.o
                                        0x15f (size before relaxing)
 .debug_str     0x0000000000000254       0x14 obj/default/timerISR.o
                                        0x122 (size before relaxing)
 .debug_str     0x0000000000000268      0x169 c:/altera/16.0/nios2eds/bin/gnu/h-x86_64-mingw32/bin/../lib/gcc/nios2-elf/5.2.0/../../../../../H-x86_64-mingw32/nios2-elf/lib/mhw-mulx\libc.a(lib_a-memcpy.o)
                                        0x207 (size before relaxing)
 .debug_str     0x00000000000003d1      0x131 ../InterruptsNIOS_bsp/\libhal_bsp.a(alt_irq_register.o)
                                        0x20f (size before relaxing)
 .debug_str     0x0000000000000502       0x17 ../InterruptsNIOS_bsp/\libhal_bsp.a(alt_irq_vars.o)
                                        0x141 (size before relaxing)
 .debug_str     0x0000000000000519       0xe9 ../InterruptsNIOS_bsp/\libhal_bsp.a(alt_load.o)
                                        0x219 (size before relaxing)
 .debug_str     0x0000000000000602       0x70 ../InterruptsNIOS_bsp/\libhal_bsp.a(alt_main.o)
                                        0x1cd (size before relaxing)
 .debug_str     0x0000000000000672      0x502 ../InterruptsNIOS_bsp/\libhal_bsp.a(alt_sys_init.o)
                                        0x701 (size before relaxing)
 .debug_str     0x0000000000000b74       0xb9 ../InterruptsNIOS_bsp/\libhal_bsp.a(altera_avalon_jtag_uart_fd.o)
                                        0x3ab (size before relaxing)
 .debug_str     0x0000000000000c2d       0xd1 ../InterruptsNIOS_bsp/\libhal_bsp.a(altera_avalon_jtag_uart_init.o)
                                        0x360 (size before relaxing)
 .debug_str     0x0000000000000cfe       0x4a ../InterruptsNIOS_bsp/\libhal_bsp.a(altera_avalon_jtag_uart_ioctl.o)
                                        0x29a (size before relaxing)
 .debug_str     0x0000000000000d48       0x48 ../InterruptsNIOS_bsp/\libhal_bsp.a(altera_avalon_jtag_uart_read.o)
                                        0x310 (size before relaxing)
 .debug_str     0x0000000000000d90       0x4a ../InterruptsNIOS_bsp/\libhal_bsp.a(altera_avalon_jtag_uart_write.o)
                                        0x311 (size before relaxing)
 .debug_str     0x0000000000000dda       0x6d ../InterruptsNIOS_bsp/\libhal_bsp.a(altera_avalon_timer_sc.o)
                                        0x273 (size before relaxing)
 .debug_str     0x0000000000000e47      0x1ea ../InterruptsNIOS_bsp/\libhal_bsp.a(altera_up_avalon_character_lcd.o)
                                        0x3f8 (size before relaxing)
 .debug_str     0x0000000000001031      0x16e ../InterruptsNIOS_bsp/\libhal_bsp.a(altera_up_avalon_irda.o)
                                        0x366 (size before relaxing)
 .debug_str     0x000000000000119f      0x1c5 ../InterruptsNIOS_bsp/\libhal_bsp.a(altera_up_avalon_ps2.o)
                                        0x439 (size before relaxing)
 .debug_str     0x0000000000001364      0x154 ../InterruptsNIOS_bsp/\libhal_bsp.a(altera_up_avalon_rs232.o)
                                        0x373 (size before relaxing)
 .debug_str     0x00000000000014b8       0x59 ../InterruptsNIOS_bsp/\libhal_bsp.a(alt_alarm_start.o)
                                        0x2a6 (size before relaxing)
 .debug_str     0x0000000000001511       0x44 ../InterruptsNIOS_bsp/\libhal_bsp.a(alt_close.o)
                                        0x212 (size before relaxing)
 .debug_str     0x0000000000001555       0x34 ../InterruptsNIOS_bsp/\libhal_bsp.a(alt_dcache_flush_all.o)
                                        0x15c (size before relaxing)
 .debug_str     0x0000000000001589      0x120 ../InterruptsNIOS_bsp/\libhal_bsp.a(alt_dev.o)
                                        0x30c (size before relaxing)
 .debug_str     0x00000000000016a9       0x34 ../InterruptsNIOS_bsp/\libhal_bsp.a(alt_dev_llist_insert.o)
                                        0x1d3 (size before relaxing)
 .debug_str     0x00000000000016dd       0x48 ../InterruptsNIOS_bsp/\libhal_bsp.a(alt_do_ctors.o)
                                         0xd7 (size before relaxing)
 .debug_str     0x0000000000001725       0x4c ../InterruptsNIOS_bsp/\libhal_bsp.a(alt_do_dtors.o)
                                         0xd6 (size before relaxing)
 .debug_str     0x0000000000001771       0x14 ../InterruptsNIOS_bsp/\libhal_bsp.a(alt_errno.o)
                                        0x14c (size before relaxing)
 .debug_str     0x0000000000001785       0x24 ../InterruptsNIOS_bsp/\libhal_bsp.a(alt_find_dev.o)
                                        0x1f3 (size before relaxing)
 .debug_str     0x00000000000017a9       0x34 ../InterruptsNIOS_bsp/\libhal_bsp.a(alt_icache_flush_all.o)
                                        0x15c (size before relaxing)
 .debug_str     0x00000000000017dd       0x56 ../InterruptsNIOS_bsp/\libhal_bsp.a(alt_io_redirect.o)
                                        0x31d (size before relaxing)
 .debug_str     0x0000000000001833       0x3a ../InterruptsNIOS_bsp/\libhal_bsp.a(alt_irq_handler.o)
                                        0x1bf (size before relaxing)
 .debug_str     0x000000000000186d       0x2f ../InterruptsNIOS_bsp/\libhal_bsp.a(alt_open.o)
                                        0x252 (size before relaxing)
 .debug_str     0x000000000000189c       0x28 ../InterruptsNIOS_bsp/\libhal_bsp.a(alt_release_fd.o)
                                        0x1da (size before relaxing)
 .debug_str     0x00000000000018c4       0x4a ../InterruptsNIOS_bsp/\libhal_bsp.a(alt_tick.o)
                                        0x27a (size before relaxing)
 .debug_str     0x000000000000190e       0x3b ../InterruptsNIOS_bsp/\libhal_bsp.a(altera_nios2_gen2_irq.o)
                                        0x18c (size before relaxing)
 .debug_str     0x0000000000001949       0x26 ../InterruptsNIOS_bsp/\libhal_bsp.a(alt_find_file.o)
                                        0x201 (size before relaxing)
 .debug_str     0x000000000000196f       0x30 ../InterruptsNIOS_bsp/\libhal_bsp.a(alt_get_fd.o)
                                        0x223 (size before relaxing)
 .debug_str     0x000000000000199f       0x2c ../InterruptsNIOS_bsp/\libhal_bsp.a(alt_icache_flush.o)
                                        0x162 (size before relaxing)
 .debug_str     0x00000000000019cb      0x48b ../InterruptsNIOS_bsp/\libhal_bsp.a(alt_instruction_exception_entry.o)
                                        0x5a7 (size before relaxing)
 .debug_str     0x0000000000001e56      0x10e c:/altera/16.0/nios2eds/bin/gnu/h-x86_64-mingw32/bin/../lib/gcc/nios2-elf/5.2.0/../../../../../H-x86_64-mingw32/nios2-elf/lib/mhw-mulx\libc.a(lib_a-atexit.o)
                                        0x21d (size before relaxing)
 .debug_str     0x0000000000001f64      0x3a7 c:/altera/16.0/nios2eds/bin/gnu/h-x86_64-mingw32/bin/../lib/gcc/nios2-elf/5.2.0/../../../../../H-x86_64-mingw32/nios2-elf/lib/mhw-mulx\libc.a(lib_a-exit.o)
                                        0x5ba (size before relaxing)
 .debug_str     0x000000000000230b       0xd4 c:/altera/16.0/nios2eds/bin/gnu/h-x86_64-mingw32/bin/../lib/gcc/nios2-elf/5.2.0/../../../../../H-x86_64-mingw32/nios2-elf/lib/mhw-mulx\libc.a(lib_a-impure.o)
                                        0x5b1 (size before relaxing)
 .debug_str     0x00000000000023df       0x3f c:/altera/16.0/nios2eds/bin/gnu/h-x86_64-mingw32/bin/../lib/gcc/nios2-elf/5.2.0/../../../../../H-x86_64-mingw32/nios2-elf/lib/mhw-mulx\libc.a(lib_a-int_errno.o)
                                        0x1d9 (size before relaxing)
 .debug_str     0x000000000000241e       0x44 c:/altera/16.0/nios2eds/bin/gnu/h-x86_64-mingw32/bin/../lib/gcc/nios2-elf/5.2.0/../../../../../H-x86_64-mingw32/nios2-elf/lib/mhw-mulx\libc.a(lib_a-memcmp.o)
                                        0x1e0 (size before relaxing)
 .debug_str     0x0000000000002462       0x51 c:/altera/16.0/nios2eds/bin/gnu/h-x86_64-mingw32/bin/../lib/gcc/nios2-elf/5.2.0/../../../../../H-x86_64-mingw32/nios2-elf/lib/mhw-mulx\libc.a(lib_a-strlen.o)
                                        0x1f3 (size before relaxing)
 .debug_str     0x00000000000024b3       0x3f c:/altera/16.0/nios2eds/bin/gnu/h-x86_64-mingw32/bin/../lib/gcc/nios2-elf/5.2.0/../../../../../H-x86_64-mingw32/nios2-elf/lib/mhw-mulx\libc.a(lib_a-__atexit.o)
                                        0x5f2 (size before relaxing)
 .debug_str     0x00000000000024f2       0x65 c:/altera/16.0/nios2eds/bin/gnu/h-x86_64-mingw32/bin/../lib/gcc/nios2-elf/5.2.0/../../../../../H-x86_64-mingw32/nios2-elf/lib/mhw-mulx\libc.a(lib_a-__call_atexit.o)
                                        0x5de (size before relaxing)
 .debug_str     0x0000000000002557       0x2a ../InterruptsNIOS_bsp/\libhal_bsp.a(alt_exit.o)
                                        0x181 (size before relaxing)

.debug_loc      0x0000000000000000      0x770
 *(.debug_loc)
 .debug_loc     0x0000000000000000      0x266 c:/altera/16.0/nios2eds/bin/gnu/h-x86_64-mingw32/bin/../lib/gcc/nios2-elf/5.2.0/../../../../../H-x86_64-mingw32/nios2-elf/lib/mhw-mulx\libc.a(lib_a-memcpy.o)
 .debug_loc     0x0000000000000266       0x2c c:/altera/16.0/nios2eds/bin/gnu/h-x86_64-mingw32/bin/../lib/gcc/nios2-elf/5.2.0/../../../../../H-x86_64-mingw32/nios2-elf/lib/mhw-mulx\libc.a(lib_a-atexit.o)
 .debug_loc     0x0000000000000292       0x1e c:/altera/16.0/nios2eds/bin/gnu/h-x86_64-mingw32/bin/../lib/gcc/nios2-elf/5.2.0/../../../../../H-x86_64-mingw32/nios2-elf/lib/mhw-mulx\libc.a(lib_a-exit.o)
 .debug_loc     0x00000000000002b0      0x126 c:/altera/16.0/nios2eds/bin/gnu/h-x86_64-mingw32/bin/../lib/gcc/nios2-elf/5.2.0/../../../../../H-x86_64-mingw32/nios2-elf/lib/mhw-mulx\libc.a(lib_a-memcmp.o)
 .debug_loc     0x00000000000003d6       0x47 c:/altera/16.0/nios2eds/bin/gnu/h-x86_64-mingw32/bin/../lib/gcc/nios2-elf/5.2.0/../../../../../H-x86_64-mingw32/nios2-elf/lib/mhw-mulx\libc.a(lib_a-strlen.o)
 .debug_loc     0x000000000000041d      0x185 c:/altera/16.0/nios2eds/bin/gnu/h-x86_64-mingw32/bin/../lib/gcc/nios2-elf/5.2.0/../../../../../H-x86_64-mingw32/nios2-elf/lib/mhw-mulx\libc.a(lib_a-__atexit.o)
 .debug_loc     0x00000000000005a2      0x1ce c:/altera/16.0/nios2eds/bin/gnu/h-x86_64-mingw32/bin/../lib/gcc/nios2-elf/5.2.0/../../../../../H-x86_64-mingw32/nios2-elf/lib/mhw-mulx\libc.a(lib_a-__call_atexit.o)

.debug_macinfo
 *(.debug_macinfo)

.debug_weaknames
 *(.debug_weaknames)

.debug_funcnames
 *(.debug_funcnames)

.debug_typenames
 *(.debug_typenames)

.debug_varnames
 *(.debug_varnames)

.debug_alt_sim_info
                0x0000000000000000       0x20
 *(.debug_alt_sim_info)
 .debug_alt_sim_info
                0x0000000000000000       0x20 ../InterruptsNIOS_bsp//obj/HAL/src/crt0.o
                0x0000000004000000                __alt_data_end = 0x4000000
                0x0000000004000000                PROVIDE (__alt_stack_pointer, __alt_data_end)